Component: ARM Compiler 5.06 update 4 (build 422) Tool: armlink [4d35d2]

==============================================================================

Section Cross References

    main.o(i.main) refers to usart1.o(i.USART1_Config) for USART1_Config
    main.o(i.main) refers to led.o(i.LED_GPIO_Config) for LED_GPIO_Config
    main.o(i.main) refers to exti.o(i.EXTI_Config) for EXTI_Config
    main.o(i.main) refers to system_stm32f10x.o(i.SystemCoreClockUpdate) for SystemCoreClockUpdate
    main.o(i.main) refers to cmsis_os2.o(i.osKernelInitialize) for osKernelInitialize
    main.o(i.main) refers to cmsis_os2.o(i.osThreadNew) for osThreadNew
    main.o(i.main) refers to cmsis_os2.o(i.osSemaphoreNew) for osSemaphoreNew
    main.o(i.main) refers to printf5.o(i.__0printf$5) for __2printf
    main.o(i.main) refers to cmsis_os2.o(i.osKernelStart) for osKernelStart
    main.o(i.main) refers to main.o(.data) for USART2drv
    main.o(i.main) refers to main.o(i.myUSART_callback) for myUSART_callback
    main.o(i.main) refers to main.o(i.vTaskLedRed) for vTaskLedRed
    main.o(i.main) refers to main.o(i.vTaskDebugPort) for vTaskDebugPort
    main.o(i.main) refers to main.o(i.vTaskEXTILed) for vTaskEXTILed
    main.o(i.myUSART_callback) refers to memseta.o(.text) for __aeabi_memclr
    main.o(i.myUSART_callback) refers to main.o(.bss) for iot_send_buf
    main.o(i.vTaskDebugPort) refers to printf5.o(i.__0printf$5) for __2printf
    main.o(i.vTaskDebugPort) refers to cmd_parser.o(i.get_cmd_parser_char) for get_cmd_parser_char
    main.o(i.vTaskDebugPort) refers to led.o(i.led_toggle) for led_toggle
    main.o(i.vTaskDebugPort) refers to cmd_parser.o(.data) for welcome_msg
    main.o(i.vTaskEXTILed) refers to printf5.o(i.__0printf$5) for __2printf
    main.o(i.vTaskEXTILed) refers to cmsis_os2.o(i.osSemaphoreAcquire) for osSemaphoreAcquire
    main.o(i.vTaskEXTILed) refers to led.o(i.led_toggle) for led_toggle
    main.o(i.vTaskEXTILed) refers to strcpy.o(.text) for strcpy
    main.o(i.vTaskEXTILed) refers to strlen.o(.text) for strlen
    main.o(i.vTaskEXTILed) refers to main.o(.data) for USART2drv
    main.o(i.vTaskEXTILed) refers to main.o(.bss) for iot_send_buf
    main.o(i.vTaskI2C0) refers to i2c_slave.o(i.i2c_data_transmission) for i2c_data_transmission
    main.o(i.vTaskLedRed) refers to led.o(i.led_toggle) for led_toggle
    main.o(i.vTaskLedRed) refers to delay.o(i.Delay) for Delay
    main.o(.data) refers to usart_stm32f10x.o(.constdata) for Driver_USART2
    led.o(i.LED_GPIO_Config) refers to stm32f10x_rcc.o(i.RCC_APB2PeriphClockCmd) for RCC_APB2PeriphClockCmd
    led.o(i.LED_GPIO_Config) refers to stm32f10x_gpio.o(i.GPIO_Init) for GPIO_Init
    led.o(i.led_toggle) refers to stm32f10x_gpio.o(i.GPIO_ReadOutputDataBit) for GPIO_ReadOutputDataBit
    led.o(i.led_toggle) refers to stm32f10x_gpio.o(i.GPIO_ResetBits) for GPIO_ResetBits
    led.o(i.led_toggle) refers to stm32f10x_gpio.o(i.GPIO_SetBits) for GPIO_SetBits
    usart1.o(i.USART1_Config) refers to stm32f10x_rcc.o(i.RCC_APB2PeriphClockCmd) for RCC_APB2PeriphClockCmd
    usart1.o(i.USART1_Config) refers to stm32f10x_gpio.o(i.GPIO_Init) for GPIO_Init
    usart1.o(i.USART1_Config) refers to stm32f10x_usart.o(i.USART_Init) for USART_Init
    usart1.o(i.USART1_Config) refers to stm32f10x_usart.o(i.USART_Cmd) for USART_Cmd
    usart1.o(i.fgetc) refers to stm32f10x_usart.o(i.USART_GetFlagStatus) for USART_GetFlagStatus
    usart1.o(i.fgetc) refers to led.o(i.led_toggle) for led_toggle
    usart1.o(i.fgetc) refers to stm32f10x_usart.o(i.USART_ReceiveData) for USART_ReceiveData
    usart1.o(i.fgetc) refers to usart1.o(i.fputc) for fputc
    usart1.o(i.fputc) refers to stm32f10x_usart.o(i.USART_SendData) for USART_SendData
    usart1.o(i.fputc) refers to stm32f10x_usart.o(i.USART_GetFlagStatus) for USART_GetFlagStatus
    usart1.o(i.fputc) refers to led.o(i.led_toggle) for led_toggle
    exti.o(i.EXTI_Config) refers to stm32f10x_rcc.o(i.RCC_APB2PeriphClockCmd) for RCC_APB2PeriphClockCmd
    exti.o(i.EXTI_Config) refers to stm32f10x_gpio.o(i.GPIO_Init) for GPIO_Init
    exti.o(i.EXTI_Config) refers to stm32f10x_gpio.o(i.GPIO_EXTILineConfig) for GPIO_EXTILineConfig
    exti.o(i.EXTI_Config) refers to stm32f10x_exti.o(i.EXTI_Init) for EXTI_Init
    exti.o(i.EXTI_Config) refers to exti.o(i.EXTI_NVIC_Configuration) for EXTI_NVIC_Configuration
    exti.o(i.EXTI_NVIC_Configuration) refers to misc.o(i.NVIC_Init) for NVIC_Init
    stm32f10x_it.o(i.EXTI0_IRQHandler) refers to cmsis_os2.o(i.osSemaphoreRelease) for osSemaphoreRelease
    stm32f10x_it.o(i.EXTI0_IRQHandler) refers to stm32f10x_exti.o(i.EXTI_ClearITPendingBit) for EXTI_ClearITPendingBit
    stm32f10x_it.o(i.EXTI0_IRQHandler) refers to main.o(.data) for sid_Thread_Semaphore
    stm32f10x_it.o(i.EXTI4_IRQHandler) refers to cmsis_os2.o(i.osSemaphoreRelease) for osSemaphoreRelease
    stm32f10x_it.o(i.EXTI4_IRQHandler) refers to stm32f10x_exti.o(i.EXTI_ClearITPendingBit) for EXTI_ClearITPendingBit
[...]
    i.prvAddNewTaskToReadyList               0x08004f40   Section        0  tasks.o(i.prvAddNewTaskToReadyList)
    prvAddNewTaskToReadyList                 0x08004f41   Thumb Code   154  tasks.o(i.prvAddNewTaskToReadyList)
    i.prvCheckForValidListAndQueue           0x08004ff8   Section        0  timers.o(i.prvCheckForValidListAndQueue)
    prvCheckForValidListAndQueue             0x08004ff9   Thumb Code    62  timers.o(i.prvCheckForValidListAndQueue)
    i.prvCheckTasksWaitingTermination        0x08005054   Section        0  tasks.o(i.prvCheckTasksWaitingTermination)
    prvCheckTasksWaitingTermination          0x08005055   Thumb Code    86  tasks.o(i.prvCheckTasksWaitingTermination)
    i.prvCopyDataFromQueue                   0x080050b8   Section        0  queue.o(i.prvCopyDataFromQueue)
    prvCopyDataFromQueue                     0x080050b9   Thumb Code    42  queue.o(i.prvCopyDataFromQueue)
    i.prvCopyDataToQueue                     0x080050e2   Section        0  queue.o(i.prvCopyDataToQueue)
    prvCopyDataToQueue                       0x080050e3   Thumb Code   124  queue.o(i.prvCopyDataToQueue)
    i.prvDeleteTCB                           0x0800515e   Section        0  tasks.o(i.prvDeleteTCB)
    prvDeleteTCB                             0x0800515f   Thumb Code    40  tasks.o(i.prvDeleteTCB)
    i.prvGetNextExpireTime                   0x08005188   Section        0  timers.o(i.prvGetNextExpireTime)
    prvGetNextExpireTime                     0x08005189   Thumb Code    36  timers.o(i.prvGetNextExpireTime)
    i.prvHeapInit                            0x080051b0   Section        0  heap_4.o(i.prvHeapInit)
    prvHeapInit                              0x080051b1   Thumb Code    98  heap_4.o(i.prvHeapInit)
    i.prvIdleTask                            0x0800522c   Section        0  tasks.o(i.prvIdleTask)
    prvIdleTask                              0x0800522d   Thumb Code    32  tasks.o(i.prvIdleTask)
    i.prvInitialiseNewQueue                  0x08005254   Section        0  queue.o(i.prvInitialiseNewQueue)
    prvInitialiseNewQueue                    0x08005255   Thumb Code    42  queue.o(i.prvInitialiseNewQueue)
    i.prvInitialiseNewTask                   0x0800527e   Section        0  tasks.o(i.prvInitialiseNewTask)
    prvInitialiseNewTask                     0x0800527f   Thumb Code   144  tasks.o(i.prvInitialiseNewTask)
    i.prvInitialiseTaskLists                 0x08005310   Section        0  tasks.o(i.prvInitialiseTaskLists)
    prvInitialiseTaskLists                   0x08005311   Thumb Code    70  tasks.o(i.prvInitialiseTaskLists)
    i.prvInsertBlockIntoFreeList             0x08005378   Section        0  heap_4.o(i.prvInsertBlockIntoFreeList)
    prvInsertBlockIntoFreeList               0x08005379   Thumb Code    96  heap_4.o(i.prvInsertBlockIntoFreeList)
    i.prvInsertTimerInActiveList             0x080053e0   Section        0  timers.o(i.prvInsertTimerInActiveList)
    prvInsertTimerInActiveList               0x080053e1   Thumb Code    80  timers.o(i.prvInsertTimerInActiveList)
    i.prvIsQueueEmpty                        0x08005438   Section        0  queue.o(i.prvIsQueueEmpty)
    prvIsQueueEmpty                          0x08005439   Thumb Code    26  queue.o(i.prvIsQueueEmpty)
    i.prvIsQueueFull                         0x08005452   Section        0  queue.o(i.prvIsQueueFull)
    prvIsQueueFull                           0x08005453   Thumb Code    30  queue.o(i.prvIsQueueFull)
    i.prvProcessExpiredTimer                 0x08005470   Section        0  timers.o(i.prvProcessExpiredTimer)
    prvProcessExpiredTimer                   0x08005471   Thumb Code    70  timers.o(i.prvProcessExpiredTimer)
    i.prvProcessReceivedCommands             0x080054bc   Section        0  timers.o(i.prvProcessReceivedCommands)
    prvProcessReceivedCommands               0x080054bd   Thumb Code   208  timers.o(i.prvProcessReceivedCommands)
    i.prvProcessTimerOrBlockTask             0x08005590   Section        0  timers.o(i.prvProcessTimerOrBlockTask)
    prvProcessTimerOrBlockTask               0x08005591   Thumb Code   102  timers.o(i.prvProcessTimerOrBlockTask)
    i.prvResetNextTaskUnblockTime            0x08005604   Section        0  tasks.o(i.prvResetNextTaskUnblockTime)
    prvResetNextTaskUnblockTime              0x08005605   Thumb Code    42  tasks.o(i.prvResetNextTaskUnblockTime)
    i.prvSampleTimeNow                       0x08005638   Section        0  timers.o(i.prvSampleTimeNow)
    prvSampleTimeNow                         0x08005639   Thumb Code    40  timers.o(i.prvSampleTimeNow)
    i.prvSwitchTimerLists                    0x08005664   Section        0  timers.o(i.prvSwitchTimerLists)
    prvSwitchTimerLists                      0x08005665   Thumb Code   122  timers.o(i.prvSwitchTimerLists)
    i.prvTaskExitError                       0x080056e8   Section        0  port.o(i.prvTaskExitError)
    prvTaskExitError                         0x080056e9   Thumb Code    22  port.o(i.prvTaskExitError)
    i.prvTimerTask                           0x080056fe   Section        0  timers.o(i.prvTimerTask)
    prvTimerTask                             0x080056ff   Thumb Code    26  timers.o(i.prvTimerTask)
    i.prvUnlockQueue                         0x08005718   Section        0  queue.o(i.prvUnlockQueue)
    prvUnlockQueue                           0x08005719   Thumb Code   126  queue.o(i.prvUnlockQueue)
    i.pvPortMalloc                           0x08005798   Section        0  heap_4.o(i.pvPortMalloc)
    i.pvTaskIncrementMutexHeldCount          0x08005868   Section        0  tasks.o(i.pvTaskIncrementMutexHeldCount)
    i.pxPortInitialiseStack                  0x08005888   Section        0  port.o(i.pxPortInitialiseStack)
    i.shell_cmd_help                         0x080058ac   Section        0  cmd_parser.o(i.shell_cmd_help)
    i.shell_cmd_reset                        0x080058d8   Section        0  cmd_parser.o(i.shell_cmd_reset)
    i.shell_process                          0x08005924   Section        0  cmd_parser.o(i.shell_process)
    i.uxListRemove                           0x080059e8   Section        0  list.o(i.uxListRemove)
    i.vApplicationGetIdleTaskMemory          0x08005a10   Section        0  cmsis_os2.o(i.vApplicationGetIdleTaskMemory)
    i.vApplicationGetTimerTaskMemory         0x08005a28   Section        0  cmsis_os2.o(i.vApplicationGetTimerTaskMemory)
    i.vApplicationStackOverflowHook          0x08005a40   Section        0  cmsis_os2.o(i.vApplicationStackOverflowHook)
    i.vListInitialise                        0x08005a42   Section        0  list.o(i.vListInitialise)
    i.vListInitialiseItem                    0x08005a5c   Section        0  list.o(i.vListInitialiseItem)
    i.vListInsert                            0x08005a62   Section        0  list.o(i.vListInsert)
    i.vListInsertEnd                         0x08005a96   Section        0  list.o(i.vListInsertEnd)
    i.vPortEnterCritical                     0x08005ab0   Section        0  port.o(i.vPortEnterCritical)
    i.vPortExitCritical                      0x08005ad4   Section        0  port.o(i.vPortExitCritical)
    i.vPortFree                              0x08005af4   Section        0  heap_4.o(i.vPortFree)
    i.vPortSetupTimerInterrupt               0x08005b3c   Section        0  port.o(i.vPortSetupTimerInterrupt)
    i.vQueueDelete                           0x08005b5c   Section        0  queue.o(i.vQueueDelete)
    i.vQueueWaitForMessageRestricted         0x08005b70   Section        0  queue.o(i.vQueueWaitForMessageRestricted)
    i.vTaskDebugPort                         0x08005bbc   Section        0  main.o(i.vTaskDebugPort)
    i.vTaskEXTILed                           0x08005bf4   Section        0  main.o(i.vTaskEXTILed)
    i.vTaskLedRed                            0x08005d30   Section        0  main.o(i.vTaskLedRed)
    i.vTaskMissedYield                       0x08005d4c   Section        0  tasks.o(i.vTaskMissedYield)
    i.vTaskPlaceOnEventList                  0x08005d58   Section        0  tasks.o(i.vTaskPlaceOnEventList)
    i.vTaskPlaceOnEventListRestricted        0x08005d78   Section        0  tasks.o(i.vTaskPlaceOnEventListRestricted)
    i.vTaskPriorityInherit                   0x08005da0   Section        0  tasks.o(i.vTaskPriorityInherit)
    i.vTaskSetTimeOutState                   0x08005e2c   Section        0  tasks.o(i.vTaskSetTimeOutState)
    i.vTaskStartScheduler                    0x08005e44   Section        0  tasks.o(i.vTaskStartScheduler)
    i.vTaskSuspendAll                        0x08005ed8   Section        0  tasks.o(i.vTaskSuspendAll)
    i.vTaskSwitchContext                     0x08005ee8   Section        0  tasks.o(i.vTaskSwitchContext)
    i.xPortStartScheduler                    0x08005f98   Section        0  port.o(i.xPortStartScheduler)
    i.xPortSysTickHandler                    0x08005fcc   Section        0  port.o(i.xPortSysTickHandler)
    i.xQueueCreateCountingSemaphore          0x08006000   Section        0  queue.o(i.xQueueCreateCountingSemaphore)
    i.xQueueCreateCountingSemaphoreStatic    0x0800601a   Section        0  queue.o(i.xQueueCreateCountingSemaphoreStatic)
    i.xQueueGenericCreate                    0x0800603c   Section        0  queue.o(i.xQueueGenericCreate)
    i.xQueueGenericCreateStatic              0x0800607a   Section        0  queue.o(i.xQueueGenericCreateStatic)
    i.xQueueGenericReceive                   0x080060a8   Section        0  queue.o(i.xQueueGenericReceive)
    i.xQueueGenericReset                     0x08006204   Section        0  queue.o(i.xQueueGenericReset)
    i.xQueueGenericSend                      0x08006284   Section        0  queue.o(i.xQueueGenericSend)
    i.xQueueGenericSendFromISR               0x0800639c   Section        0  queue.o(i.xQueueGenericSendFromISR)
    i.xQueueGiveFromISR                      0x08006422   Section        0  queue.o(i.xQueueGiveFromISR)
    i.xQueueReceiveFromISR                   0x0800649a   Section        0  queue.o(i.xQueueReceiveFromISR)
    i.xTaskCheckForTimeOut                   0x0800651c   Section        0  tasks.o(i.xTaskCheckForTimeOut)
    i.xTaskCreate                            0x08006578   Section        0  tasks.o(i.xTaskCreate)
    i.xTaskCreateStatic                      0x080065dc   Section        0  tasks.o(i.xTaskCreateStatic)
    i.xTaskGetSchedulerState                 0x0800662c   Section        0  tasks.o(i.xTaskGetSchedulerState)
    i.xTaskGetTickCount                      0x0800664c   Section        0  tasks.o(i.xTaskGetTickCount)
    i.xTaskIncrementTick                     0x08006658   Section        0  tasks.o(i.xTaskIncrementTick)
    i.xTaskPriorityDisinherit                0x08006770   Section        0  tasks.o(i.xTaskPriorityDisinherit)
    i.xTaskRemoveFromEventList               0x080067d0   Section        0  tasks.o(i.xTaskRemoveFromEventList)
    i.xTaskResumeAll                         0x08006850   Section        0  tasks.o(i.xTaskResumeAll)
    i.xTimerCreateTimerTask                  0x08006938   Section        0  timers.o(i.xTimerCreateTimerTask)
    i.xTimerGenericCommand                   0x08006998   Section        0  timers.o(i.xTimerGenericCommand)
    .constdata                               0x08006a04   Section       15  cmd_parser.o(.constdata)
    __func__                                 0x08006a04   Data          15  cmd_parser.o(.constdata)
    .constdata                               0x08006a14   Section      184  i2c_stm32f10x.o(.constdata)
    DriverVersion                            0x08006a14   Data           4  i2c_stm32f10x.o(.constdata)
    DriverCapabilities                       0x08006a18   Data           4  i2c_stm32f10x.o(.constdata)
    I2C1_Resources                           0x08006a1c   Data          40  i2c_stm32f10x.o(.constdata)
    I2C2_Resources                           0x08006a44   Data          40  i2c_stm32f10x.o(.constdata)
    .constdata                               0x08006acc   Section      380  spi_stm32f10x.o(.constdata)
    DriverVersion                            0x08006acc   Data           4  spi_stm32f10x.o(.constdata)
    DriverCapabilities                       0x08006ad0   Data           4  spi_stm32f10x.o(.constdata)
    SPI1_mosi                                0x08006ad4   Data           8  spi_stm32f10x.o(.constdata)
    SPI1_miso                                0x08006adc   Data           8  spi_stm32f10x.o(.constdata)
    SPI1_nss                                 0x08006ae4   Data           8  spi_stm32f10x.o(.constdata)
    SPI1_sck                                 0x08006aec   Data           8  spi_stm32f10x.o(.constdata)
    SPI1_Resources                           0x08006af4   Data          48  spi_stm32f10x.o(.constdata)
    SPI2_mosi                                0x08006b24   Data           8  spi_stm32f10x.o(.constdata)
    SPI2_miso                                0x08006b2c   Data           8  spi_stm32f10x.o(.constdata)
    SPI2_nss                                 0x08006b34   Data           8  spi_stm32f10x.o(.constdata)
    SPI2_sck                                 0x08006b3c   Data           8  spi_stm32f10x.o(.constdata)
    SPI2_Resources                           0x08006b44   Data          48  spi_stm32f10x.o(.constdata)
    SPI3_mosi                                0x08006b74   Data           8  spi_stm32f10x.o(.constdata)
    SPI3_miso                                0x08006b7c   Data           8  spi_stm32f10x.o(.constdata)
    SPI3_nss                                 0x08006b84   Data           8  spi_stm32f10x.o(.constdata)
    SPI3_sck                                 0x08006b8c   Data           8  spi_stm32f10x.o(.constdata)
    SPI3_Resources                           0x08006b94   Data          48  spi_stm32f10x.o(.constdata)
    .constdata                               0x08006c48   Section      516  usart_stm32f10x.o(.constdata)
    usart_driver_version                     0x08006c48   Data           4  usart_stm32f10x.o(.constdata)
    USART2_tx                                0x08006c4c   Data           8  usart_stm32f10x.o(.constdata)
    USART2_rx                                0x08006c54   Data           8  usart_stm32f10x.o(.constdata)
    USART2_Resources                         0x08006c5c   Data          56  usart_stm32f10x.o(.constdata)
    USART3_tx                                0x08006c94   Data           8  usart_stm32f10x.o(.constdata)
    USART3_rx                                0x08006c9c   Data           8  usart_stm32f10x.o(.constdata)
    USART3_Resources                         0x08006ca4   Data          56  usart_stm32f10x.o(.constdata)
    UART4_tx                                 0x08006cdc   Data           8  usart_stm32f10x.o(.constdata)
    UART4_rx                                 0x08006ce4   Data           8  usart_stm32f10x.o(.constdata)
    USART4_Resources                         0x08006cec   Data          56  usart_stm32f10x.o(.constdata)
    UART5_tx                                 0x08006d24   Data           8  usart_stm32f10x.o(.constdata)
    UART5_rx                                 0x08006d2c   Data           8  usart_stm32f10x.o(.constdata)
    USART5_Resources                         0x08006d34   Data          56  usart_stm32f10x.o(.constdata)
    .conststring                             0x08006e4c   Section      170  cmd_parser.o(.conststring)
    .data                                    0x20000000   Section       12  main.o(.data)
    USART2drv                                0x20000008   Data           4  main.o(.data)
    .data                                    0x2000000c   Section       48  cmd_parser.o(.data)
    .data                                    0x2000003c   Section        4  cmsis_os2.o(.data)
    KernelState                              0x2000003c   Data           4  cmsis_os2.o(.data)
    .data                                    0x20000040   Section       20  stm32f10x_rcc.o(.data)
    APBAHBPrescTable                         0x20000040   Data          16  stm32f10x_rcc.o(.data)
    ADCPrescTable                            0x20000050   Data           4  stm32f10x_rcc.o(.data)
    .data                                    0x20000054   Section       20  system_stm32f10x.o(.data)
    .data                                    0x20000068   Section       24  heap_4.o(.data)
    xStart                                   0x20000068   Data           8  heap_4.o(.data)
    pxEnd                                    0x20000070   Data           4  heap_4.o(.data)
    xFreeBytesRemaining                      0x20000074   Data           4  heap_4.o(.data)
    xMinimumEverFreeBytesRemaining           0x20000078   Data           4  heap_4.o(.data)
    xBlockAllocatedBit                       0x2000007c   Data           4  heap_4.o(.data)
    .data                                    0x20000080   Section        4  port.o(.data)
    uxCriticalNesting                        0x20000080   Data           4  port.o(.data)
    .data                                    0x20000084   Section       60  tasks.o(.data)
    pxDelayedTaskList                        0x20000088   Data           4  tasks.o(.data)
    pxOverflowDelayedTaskList                0x2000008c   Data           4  tasks.o(.data)
    uxDeletedTasksWaitingCleanUp             0x20000090   Data           4  tasks.o(.data)
    uxCurrentNumberOfTasks                   0x20000094   Data           4  tasks.o(.data)
    xTickCount                               0x20000098   Data           4  tasks.o(.data)
    uxTopReadyPriority                       0x2000009c   Data           4  tasks.o(.data)
    xSchedulerRunning                        0x200000a0   Data           4  tasks.o(.data)
    uxPendedTicks                            0x200000a4   Data           4  tasks.o(.data)
    xYieldPending                            0x200000a8   Data           4  tasks.o(.data)
    xNumOfOverflows                          0x200000ac   Data           4  tasks.o(.data)
    uxTaskNumber                             0x200000b0   Data           4  tasks.o(.data)
    xNextTaskUnblockTime                     0x200000b4   Data           4  tasks.o(.data)
    xIdleTaskHandle                          0x200000b8   Data           4  tasks.o(.data)
    uxSchedulerSuspended                     0x200000bc   Data           4  tasks.o(.data)
    .data                                    0x200000c0   Section       20  timers.o(.data)
    pxCurrentTimerList                       0x200000c0   Data           4  timers.o(.data)
    pxOverflowTimerList                      0x200000c4   Data           4  timers.o(.data)
    xTimerQueue                              0x200000c8   Data           4  timers.o(.data)
    xTimerTaskHandle                         0x200000cc   Data           4  timers.o(.data)
    xLastTime                                0x200000d0   Data           4  timers.o(.data)
    .data                                    0x200000d4   Section        4  stdin.o(.data)
    .data                                    0x200000d8   Section        4  stdout.o(.data)
    .bss                                     0x200000dc   Section      256  main.o(.bss)
    .bss                                     0x200001dc   Section      512  cmd_parser.o(.bss)
    .bss                                     0x200003dc   Section     1016  cmsis_os2.o(.bss)
    Idle_TCB                                 0x200003dc   Data          92  cmsis_os2.o(.bss)
    Idle_Stack                               0x20000438   Data         512  cmsis_os2.o(.bss)
    Timer_TCB                                0x20000638   Data          92  cmsis_os2.o(.bss)
    Timer_Stack                              0x20000694   Data         320  cmsis_os2.o(.bss)
    .bss                                     0x200007d4   Section       56  i2c_stm32f10x.o(.bss)
    I2C1_Info                                0x200007d4   Data          28  i2c_stm32f10x.o(.bss)
    I2C2_Info                                0x200007f0   Data          28  i2c_stm32f10x.o(.bss)
    .bss                                     0x2000080c   Section      120  spi_stm32f10x.o(.bss)
    SPI1_Info                                0x2000080c   Data          12  spi_stm32f10x.o(.bss)
    SPI1_TransferInfo                        0x20000818   Data          28  spi_stm32f10x.o(.bss)
    SPI2_Info                                0x20000834   Data          12  spi_stm32f10x.o(.bss)
    SPI2_TransferInfo                        0x20000840   Data          28  spi_stm32f10x.o(.bss)
    SPI3_Info                                0x2000085c   Data          12  spi_stm32f10x.o(.bss)
    SPI3_TransferInfo                        0x20000868   Data          28  spi_stm32f10x.o(.bss)
    .bss                                     0x20000884   Section      224  usart_stm32f10x.o(.bss)
    USART2_Info                              0x20000884   Data          20  usart_stm32f10x.o(.bss)
    USART2_TransferInfo                      0x20000898   Data          36  usart_stm32f10x.o(.bss)
    USART3_Info                              0x200008bc   Data          20  usart_stm32f10x.o(.bss)
    USART3_TransferInfo                      0x200008d0   Data          36  usart_stm32f10x.o(.bss)
    UART4_Info                               0x200008f4   Data          20  usart_stm32f10x.o(.bss)
    UART4_TransferInfo                       0x20000908   Data          36  usart_stm32f10x.o(.bss)
    UART5_Info                               0x2000092c   Data          20  usart_stm32f10x.o(.bss)
    UART5_TransferInfo                       0x20000940   Data          36  usart_stm32f10x.o(.bss)
    .bss                                     0x20000964   Section     8192  heap_4.o(.bss)
    ucHeap                                   0x20000964   Data        8192  heap_4.o(.bss)
    .bss                                     0x20002964   Section     1220  tasks.o(.bss)
    pxReadyTasksLists                        0x20002964   Data        1120  tasks.o(.bss)
    xDelayedTaskList1                        0x20002dc4   Data          20  tasks.o(.bss)
    xDelayedTaskList2                        0x20002dd8   Data          20  tasks.o(.bss)
    xPendingReadyList                        0x20002dec   Data          20  tasks.o(.bss)
    xTasksWaitingTermination                 0x20002e00   Data          20  tasks.o(.bss)
    xSuspendedTaskList                       0x20002e14   Data          20  tasks.o(.bss)
    .bss                                     0x20002e28   Section      200  timers.o(.bss)
    xActiveTimerList1                        0x20002e28   Data          20  timers.o(.bss)
    xActiveTimerList2                        0x20002e3c   Data          20  timers.o(.bss)
    xStaticTimerQueue                        0x20002e50   Data          80  timers.o(.bss)
    ucStaticTimerQueueStorage                0x20002ea0   Data          80  timers.o(.bss)
    STACK                                    0x20002ef0   Section     1024  startup_stm32f10x_hd.o(STACK)

    Global Symbols

    Symbol Name                              Value     Ov Type        Size  Object(Section)

    BuildAttributes$$THM_ISAv4$P$D$K$B$S$PE$A:L22UL41UL21$X:L11$S22US41US21$IEEE1$IW$USESV6$~STKCKD$USESV7$~SHL$OSPACE$ROPI$EBA8$MICROLIB$REQ8$PRES8$EABIv2 0x00000000   Number         0  anon$$obj.o ABSOLUTE
    __ARM_use_no_argv                        0x00000000   Number         0  main.o ABSOLUTE
    _printf_a                                0x00000000   Number         0  stubs.o ABSOLUTE
    _printf_c                                0x00000000   Number         0  stubs.o ABSOLUTE
    _printf_charcount                        0x00000000   Number         0  stubs.o ABSOLUTE
    _printf_d                                0x00000000   Number         0  stubs.o ABSOLUTE
    _printf_e                                0x00000000   Number         0  stubs.o ABSOLUTE
    _printf_f                                0x00000000   Number         0  stubs.o ABSOLUTE
    _printf_flags                            0x00000000   Number         0  stubs.o ABSOLUTE
    _printf_fp_dec                           0x00000000   Number         0  stubs.o ABSOLUTE
    _printf_fp_hex                           0x00000000   Number         0  stubs.o ABSOLUTE
    _printf_g                                0x00000000   Number         0  stubs.o ABSOLUTE
    _printf_i                                0x00000000   Number         0  stubs.o ABSOLUTE
    _printf_int_dec                          0x00000000   Number         0  stubs.o ABSOLUTE
    _printf_l                                0x00000000   Number         0  stubs.o ABSOLUTE
    _printf_lc                               0x00000000   Number         0  stubs.o ABSOLUTE
    _printf_ll                               0x00000000   Number         0  stubs.o ABSOLUTE
    _printf_lld                              0x00000000   Number         0  stubs.o ABSOLUTE
    _printf_lli                              0x00000000   Number         0  stubs.o ABSOLUTE
    _printf_llo                              0x00000000   Number         0  stubs.o ABSOLUTE
    _printf_llu                              0x00000000   Number         0  stubs.o ABSOLUTE
    _printf_llx                              0x00000000   Number         0  stubs.o ABSOLUTE
    _printf_longlong_dec                     0x00000000   Number         0  stubs.o ABSOLUTE
    _printf_longlong_hex                     0x00000000   Number         0  stubs.o ABSOLUTE
    _printf_longlong_oct                     0x00000000   Number         0  stubs.o ABSOLUTE
    _printf_ls                               0x00000000   Number         0  stubs.o ABSOLUTE
    _printf_mbtowc                           0x00000000   Number         0  stubs.o ABSOLUTE
    _printf_n                                0x00000000   Number         0  stubs.o ABSOLUTE
    _printf_o                                0x00000000   Number         0  stubs.o ABSOLUTE
    _printf_p                                0x00000000   Number         0  stubs.o ABSOLUTE
    _printf_percent                          0x00000000   Number         0  stubs.o ABSOLUTE
    _printf_pre_padding                      0x00000000   Number         0  stubs.o ABSOLUTE
    _printf_return_value                     0x00000000   Number         0  stubs.o ABSOLUTE
    _printf_s                                0x00000000   Number         0  stubs.o ABSOLUTE
    _printf_sizespec                         0x00000000   Number         0  stubs.o ABSOLUTE
    _printf_str                              0x00000000   Number         0  stubs.o ABSOLUTE
    _printf_truncate_signed                  0x00000000   Number         0  stubs.o ABSOLUTE
    _printf_truncate_unsigned                0x00000000   Number         0  stubs.o ABSOLUTE
    _printf_u                                0x00000000   Number         0  stubs.o ABSOLUTE
    _printf_wc                               0x00000000   Number         0  stubs.o ABSOLUTE
    _printf_wctomb                           0x00000000   Number         0  stubs.o ABSOLUTE
    _printf_widthprec                        0x00000000   Number         0  stubs.o ABSOLUTE
    _printf_x                                0x00000000   Number         0  stubs.o ABSOLUTE
    __cpp_initialize__aeabi_                  - Undefined Weak Reference
    __cxa_finalize                            - Undefined Weak Reference
    __decompress                              - Undefined Weak Reference
    _clock_init                               - Undefined Weak Reference
    _microlib_exit                            - Undefined Weak Reference
    __Vectors_Size                           0x00000130   Number         0  startup_stm32f10x_hd.o ABSOLUTE
    __Vectors                                0x08000000   Data           4  startup_stm32f10x_hd.o(RESET)
    __Vectors_End                            0x08000130   Data           0  startup_stm32f10x_hd.o(RESET)
    __main                                   0x08000131   Thumb Code     0  entry.o(.ARM.Collect$$$$00000000)
    _main_stk                                0x08000131   Thumb Code     0  entry2.o(.ARM.Collect$$$$00000001)
    _main_scatterload                        0x08000135   Thumb Code     0  entry5.o(.ARM.Collect$$$$00000004)
    __main_after_scatterload                 0x08000139   Thumb Code     0  entry5.o(.ARM.Collect$$$$00000004)
    _main_clock                              0x08000139   Thumb Code     0  entry7b.o(.ARM.Collect$$$$00000008)
    _main_cpp_init                           0x08000139   Thumb Code     0  entry8b.o(.ARM.Collect$$$$0000000A)
    _main_init                               0x08000139   Thumb Code     0  entry9a.o(.ARM.Collect$$$$0000000B)
    __rt_final_cpp                           0x08000141   Thumb Code     0  entry10a.o(.ARM.Collect$$$$0000000D)
    __rt_final_exit                          0x08000141   Thumb Code     0  entry11a.o(.ARM.Collect$$$$0000000F)
    SVC_Handler                              0x08000145   Thumb Code    32  port.o(.emb_text)
    __asm___6_port_c_39a90d8d__prvStartFirstTask 0x08000169   Thumb Code    28  port.o(.emb_text)
    PendSV_Handler                           0x08000189   Thumb Code    72  port.o(.emb_text)
    vPortGetIPSR                             0x080001d5   Thumb Code     6  port.o(.emb_text)
    Reset_Handler                            0x080001dd   Thumb Code     8  startup_stm32f10x_hd.o(.text)
    ADC1_2_IRQHandler                        0x080001f7   Thumb Code     0  startup_stm32f10x_hd.o(.text)
    ADC3_IRQHandler                          0x080001f7   Thumb Code     0  startup_stm32f10x_hd.o(.text)
    CAN1_RX1_IRQHandler                      0x080001f7   Thumb Code     0  startup_stm32f10x_hd.o(.text)
    CAN1_SCE_IRQHandler                      0x080001f7   Thumb Code     0  startup_stm32f10x_hd.o(.text)
    EXTI15_10_IRQHandler                     0x080001f7   Thumb Code     0  startup_stm32f10x_hd.o(.text)
    EXTI1_IRQHandler                         0x080001f7   Thumb Code     0  startup_stm32f10x_hd.o(.text)
    EXTI2_IRQHandler                         0x080001f7   Thumb Code     0  startup_stm32f10x_hd.o(.text)
    EXTI3_IRQHandler                         0x080001f7   Thumb Code     0  startup_stm32f10x_hd.o(.text)
    EXTI9_5_IRQHandler                       0x080001f7   Thumb Code     0  startup_stm32f10x_hd.o(.text)
    FLASH_IRQHandler                         0x080001f7   Thumb Code     0  startup_stm32f10x_hd.o(.text)
    FSMC_IRQHandler                          0x080001f7   Thumb Code     0  startup_stm32f10x_hd.o(.text)
    PVD_IRQHandler                           0x080001f7   Thumb Code     0  startup_stm32f10x_hd.o(.text)
    RCC_IRQHandler                           0x080001f7   Thumb Code     0  startup_stm32f10x_hd.o(.text)
    RTCAlarm_IRQHandler                      0x080001f7   Thumb Code     0  startup_stm32f10x_hd.o(.text)
    RTC_IRQHandler                           0x080001f7   Thumb Code     0  startup_stm32f10x_hd.o(.text)
    SDIO_IRQHandler                          0x080001f7   Thumb Code     0  startup_stm32f10x_hd.o(.text)
    TAMPER_IRQHandler                        0x080001f7   Thumb Code     0  startup_stm32f10x_hd.o(.text)
    TIM1_BRK_IRQHandler                      0x080001f7   Thumb Code     0  startup_stm32f10x_hd.o(.text)
    TIM1_CC_IRQHandler                       0x080001f7   Thumb Code     0  startup_stm32f10x_hd.o(.text)
    TIM1_TRG_COM_IRQHandler                  0x080001f7   Thumb Code     0  startup_stm32f10x_hd.o(.text)
    TIM1_UP_IRQHandler                       0x080001f7   Thumb Code     0  startup_stm32f10x_hd.o(.text)
    TIM2_IRQHandler                          0x080001f7   Thumb Code     0  startup_stm32f10x_hd.o(.text)
    TIM3_IRQHandler                          0x080001f7   Thumb Code     0  startup_stm32f10x_hd.o(.text)
    TIM4_IRQHandler                          0x080001f7   Thumb Code     0  startup_stm32f10x_hd.o(.text)
    TIM5_IRQHandler                          0x080001f7   Thumb Code     0  startup_stm32f10x_hd.o(.text)
    TIM6_IRQHandler                          0x080001f7   Thumb Code     0  startup_stm32f10x_hd.o(.text)
    TIM7_IRQHandler                          0x080001f7   Thumb Code     0  startup_stm32f10x_hd.o(.text)
    TIM8_BRK_IRQHandler                      0x080001f7   Thumb Code     0  startup_stm32f10x_hd.o(.text)
    TIM8_CC_IRQHandler                       0x080001f7   Thumb Code     0  startup_stm32f10x_hd.o(.text)
    TIM8_TRG_COM_IRQHandler                  0x080001f7   Thumb Code     0  startup_stm32f10x_hd.o(.text)
    TIM8_UP_IRQHandler                       0x080001f7   Thumb Code     0  startup_stm32f10x_hd.o(.text)
    USART1_IRQHandler                        0x080001f7   Thumb Code     0  startup_stm32f10x_hd.o(.text)
    USBWakeUp_IRQHandler                     0x080001f7   Thumb Code     0  startup_stm32f10x_hd.o(.text)
    USB_HP_CAN1_TX_IRQHandler                0x080001f7   Thumb Code     0  startup_stm32f10x_hd.o(.text)
    USB_LP_CAN1_RX0_IRQHandler               0x080001f7   Thumb Code     0  startup_stm32f10x_hd.o(.text)
    WWDG_IRQHandler                          0x080001f7   Thumb Code     0  startup_stm32f10x_hd.o(.text)
    __aeabi_memcpy                           0x08000201   Thumb Code    36  memcpya.o(.text)
    __aeabi_memcpy4                          0x08000201   Thumb Code     0  memcpya.o(.text)
    __aeabi_memcpy8                          0x08000201   Thumb Code     0  memcpya.o(.text)
    __aeabi_memset                           0x08000225   Thumb Code    14  memseta.o(.text)
    __aeabi_memset4                          0x08000225   Thumb Code     0  memseta.o(.text)
    __aeabi_memset8                          0x08000225   Thumb Code     0  memseta.o(.text)
    __aeabi_memclr                           0x08000233   Thumb Code     4  memseta.o(.text)
    __aeabi_memclr4                          0x08000233   Thumb Code     0  memseta.o(.text)
    __aeabi_memclr8                          0x08000233   Thumb Code     0  memseta.o(.text)
    _memset$wrapper                          0x08000237   Thumb Code    18  memseta.o(.text)
    strlen                                   0x08000249   Thumb Code    14  strlen.o(.text)
    strcmp                                   0x08000257   Thumb Code    28  strcmp.o(.text)
    strcpy                                   0x08000273   Thumb Code    18  strcpy.o(.text)
    strncmp                                  0x08000285   Thumb Code    30  strncmp.o(.text)
    __aeabi_uldivmod                         0x080002a3   Thumb Code    98  uldiv.o(.text)
    __scatterload                            0x08000305   Thumb Code    28  init.o(.text)
    __scatterload_rt2                        0x08000305   Thumb Code     0  init.o(.text)
    __aeabi_llsl                             0x08000329   Thumb Code    30  llshl.o(.text)
    _ll_shift_l                              0x08000329   Thumb Code     0  llshl.o(.text)
    __aeabi_llsr                             0x08000347   Thumb Code    32  llushr.o(.text)
    _ll_ushift_r                             0x08000347   Thumb Code     0  llushr.o(.text)
    BusFault_Handler                         0x08000367   Thumb Code     4  stm32f10x_it.o(i.BusFault_Handler)
    DMA1_Channel1_Event                      0x0800036b   Thumb Code     2  dma_stm32f10x.o(i.DMA1_Channel1_Event)
    DMA1_Channel1_IRQHandler                 0x0800036d   Thumb Code    22  dma_stm32f10x.o(i.DMA1_Channel1_IRQHandler)
    DMA1_Channel2_Event                      0x08000389   Thumb Code     2  dma_stm32f10x.o(i.DMA1_Channel2_Event)
    DMA1_Channel2_IRQHandler                 0x0800038d   Thumb Code    24  dma_stm32f10x.o(i.DMA1_Channel2_IRQHandler)
    DMA1_Channel3_Event                      0x080003a9   Thumb Code     2  dma_stm32f10x.o(i.DMA1_Channel3_Event)
    DMA1_Channel3_IRQHandler                 0x080003ad   Thumb Code    24  dma_stm32f10x.o(i.DMA1_Channel3_IRQHandler)
    DMA1_Channel4_Event                      0x080003c9   Thumb Code     2  dma_stm32f10x.o(i.DMA1_Channel4_Event)
    DMA1_Channel4_IRQHandler                 0x080003cd   Thumb Code    24  dma_stm32f10x.o(i.DMA1_Channel4_IRQHandler)
    DMA1_Channel5_Event                      0x080003e9   Thumb Code     2  dma_stm32f10x.o(i.DMA1_Channel5_Event)
    DMA1_Channel5_IRQHandler                 0x080003ed   Thumb Code    24  dma_stm32f10x.o(i.DMA1_Channel5_IRQHandler)
    DMA1_Channel6_Event                      0x08000409   Thumb Code     2  dma_stm32f10x.o(i.DMA1_Channel6_Event)
    DMA1_Channel6_IRQHandler                 0x0800040d   Thumb Code    24  dma_stm32f10x.o(i.DMA1_Channel6_IRQHandler)
    DMA1_Channel7_Event                      0x08000429   Thumb Code     2  dma_stm32f10x.o(i.DMA1_Channel7_Event)
    DMA1_Channel7_IRQHandler                 0x0800042d   Thumb Code    24  dma_stm32f10x.o(i.DMA1_Channel7_IRQHandler)
    DMA2_Channel1_Event                      0x08000449   Thumb Code     2  dma_stm32f10x.o(i.DMA2_Channel1_Event)
    DMA2_Channel1_IRQHandler                 0x0800044d   Thumb Code    24  dma_stm32f10x.o(i.DMA2_Channel1_IRQHandler)
    DMA2_Channel2_Event                      0x08000469   Thumb Code     2  dma_stm32f10x.o(i.DMA2_Channel2_Event)
    DMA2_Channel2_IRQHandler                 0x0800046d   Thumb Code    26  dma_stm32f10x.o(i.DMA2_Channel2_IRQHandler)
    DMA2_Channel3_Event                      0x0800048d   Thumb Code     2  dma_stm32f10x.o(i.DMA2_Channel3_Event)
    DMA2_Channel3_IRQHandler                 0x08000491   Thumb Code    26  dma_stm32f10x.o(i.DMA2_Channel3_IRQHandler)
    DMA2_Channel4_5_IRQHandler               0x080004b1   Thumb Code    52  dma_stm32f10x.o(i.DMA2_Channel4_5_IRQHandler)
    DMA2_Channel4_Event                      0x080004e9   Thumb Code     2  dma_stm32f10x.o(i.DMA2_Channel4_Event)
    DMA2_Channel5_Event                      0x080004eb   Thumb Code     2  dma_stm32f10x.o(i.DMA2_Channel5_Event)
    DebugMon_Handler                         0x080004ed   Thumb Code     2  stm32f10x_it.o(i.DebugMon_Handler)
    Delay                                    0x080004ef   Thumb Code    18  delay.o(i.Delay)
    EXTI0_IRQHandler                         0x08000501   Thumb Code    36  stm32f10x_it.o(i.EXTI0_IRQHandler)
    EXTI4_IRQHandler                         0x0800052d   Thumb Code    36  stm32f10x_it.o(i.EXTI4_IRQHandler)
    EXTI_ClearITPendingBit                   0x08000559   Thumb Code     6  stm32f10x_exti.o(i.EXTI_ClearITPendingBit)
    EXTI_Config                              0x08000565   Thumb Code   136  exti.o(i.EXTI_Config)
    EXTI_Init                                0x080005f5   Thumb Code   142  stm32f10x_exti.o(i.EXTI_Init)
    GPIO_AFConfigure                         0x080006c5   Thumb Code   146  gpio_stm32f10x.o(i.GPIO_AFConfigure)
    GPIO_EXTILineConfig                      0x08000761   Thumb Code    60  stm32f10x_gpio.o(i.GPIO_EXTILineConfig)
    GPIO_GetPortClockState                   0x080007a1   Thumb Code   118  gpio_stm32f10x.o(i.GPIO_GetPortClockState)
    GPIO_Init                                0x08000839   Thumb Code   278  stm32f10x_gpio.o(i.GPIO_Init)
    GPIO_PinConfigure                        0x0800094f   Thumb Code   120  gpio_stm32f10x.o(i.GPIO_PinConfigure)
    GPIO_PortClock                           0x080009c9   Thumb Code   284  gpio_stm32f10x.o(i.GPIO_PortClock)
    GPIO_ReadOutputDataBit                   0x08000b05   Thumb Code    18  stm32f10x_gpio.o(i.GPIO_ReadOutputDataBit)
    GPIO_ResetBits                           0x08000b17   Thumb Code     4  stm32f10x_gpio.o(i.GPIO_ResetBits)
    GPIO_SetBits                             0x08000b1b   Thumb Code     4  stm32f10x_gpio.o(i.GPIO_SetBits)
    HardFault_Handler                        0x08000b1f   Thumb Code     4  stm32f10x_it.o(i.HardFault_Handler)
    I2C1_ER_IRQHandler                       0x08000b3d   Thumb Code    10  i2c_stm32f10x.o(i.I2C1_ER_IRQHandler)
    I2C1_EV_IRQHandler                       0x08000b4d   Thumb Code    10  i2c_stm32f10x.o(i.I2C1_EV_IRQHandler)
    I2C2_ER_IRQHandler                       0x08000c3d   Thumb Code    10  i2c_stm32f10x.o(i.I2C2_ER_IRQHandler)
    I2C2_EV_IRQHandler                       0x08000c4d   Thumb Code    10  i2c_stm32f10x.o(i.I2C2_EV_IRQHandler)
    LED_GPIO_Config                          0x08001c55   Thumb Code    38  led.o(i.LED_GPIO_Config)
    MemManage_Handler                        0x08001c81   Thumb Code     4  stm32f10x_it.o(i.MemManage_Handler)
    NMI_Handler                              0x08001c85   Thumb Code     2  stm32f10x_it.o(i.NMI_Handler)
    NVIC_Init                                0x08001c89   Thumb Code   100  misc.o(i.NVIC_Init)
    RCC_APB2PeriphClockCmd                   0x08001cf9   Thumb Code    26  stm32f10x_rcc.o(i.RCC_APB2PeriphClockCmd)
    RCC_GetClocksFreq                        0x08001d19   Thumb Code   192  stm32f10x_rcc.o(i.RCC_GetClocksFreq)
    SPI1_IRQHandler                          0x08001e25   Thumb Code    10  spi_stm32f10x.o(i.SPI1_IRQHandler)
    SPI2_IRQHandler                          0x08001ef1   Thumb Code    10  spi_stm32f10x.o(i.SPI2_IRQHandler)
    SPI3_IRQHandler                          0x08001fbd   Thumb Code    10  spi_stm32f10x.o(i.SPI3_IRQHandler)
    SPI_IRQHandler                           0x080024ff   Thumb Code   520  spi_stm32f10x.o(i.SPI_IRQHandler)
    SysTick_Handler                          0x08002c91   Thumb Code    14  cmsis_os2.o(i.SysTick_Handler)
    SystemCoreClockUpdate                    0x08002ca1   Thumb Code   142  system_stm32f10x.o(i.SystemCoreClockUpdate)
    SystemInit                               0x08002d45   Thumb Code    78  system_stm32f10x.o(i.SystemInit)
    UART4_IRQHandler                         0x08002da5   Thumb Code    10  usart_stm32f10x.o(i.UART4_IRQHandler)
    UART5_IRQHandler                         0x08002db5   Thumb Code    10  usart_stm32f10x.o(i.UART5_IRQHandler)
    USART1_Config                            0x08002dc5   Thumb Code   118  usart1.o(i.USART1_Config)
    USART2_IRQHandler                        0x08002ead   Thumb Code    10  usart_stm32f10x.o(i.USART2_IRQHandler)
    USART3_IRQHandler                        0x08002fbd   Thumb Code    10  usart_stm32f10x.o(i.USART3_IRQHandler)
    USART_Cmd                                0x08003265   Thumb Code    24  stm32f10x_usart.o(i.USART_Cmd)
    USART_GetFlagStatus                      0x08003aa5   Thumb Code    26  stm32f10x_usart.o(i.USART_GetFlagStatus)
    USART_IRQHandler                         0x08003c33   Thumb Code   624  usart_stm32f10x.o(i.USART_IRQHandler)
    USART_Init                               0x08003ea5   Thumb Code   210  stm32f10x_usart.o(i.USART_Init)
    USART_ReceiveData                        0x080043c3   Thumb Code    10  stm32f10x_usart.o(i.USART_ReceiveData)
    USART_SendData                           0x08004455   Thumb Code     8  stm32f10x_usart.o(i.USART_SendData)
    UsageFault_Handler                       0x080045e1   Thumb Code     4  stm32f10x_it.o(i.UsageFault_Handler)
    __0printf$5                              0x080045e5   Thumb Code    22  printf5.o(i.__0printf$5)
    __1printf$5                              0x080045e5   Thumb Code     0  printf5.o(i.__0printf$5)
    __2printf                                0x080045e5   Thumb Code     0  printf5.o(i.__0printf$5)
    __scatterload_copy                       0x08004689   Thumb Code    14  handlers.o(i.__scatterload_copy)
    __scatterload_null                       0x08004697   Thumb Code     2  handlers.o(i.__scatterload_null)
    __scatterload_zeroinit                   0x08004699   Thumb Code    14  handlers.o(i.__scatterload_zeroinit)
    fgetc                                    0x08004969   Thumb Code    72  usart1.o(i.fgetc)
    fputc                                    0x080049b9   Thumb Code    40  usart1.o(i.fputc)
    get_cmd_parser_char                      0x080049e9   Thumb Code   152  cmd_parser.o(i.get_cmd_parser_char)
    getc                                     0x08004ab1   Thumb Code     4  getc.o(i.getc)
    led_toggle                               0x08004ab5   Thumb Code    40  led.o(i.led_toggle)
    main                                     0x08004add   Thumb Code   148  main.o(i.main)
    myUSART_callback                         0x08004bad   Thumb Code    38  main.o(i.myUSART_callback)
    osKernelInitialize                       0x08004bd9   Thumb Code    58  cmsis_os2.o(i.osKernelInitialize)
    osKernelStart                            0x08004c19   Thumb Code    64  cmsis_os2.o(i.osKernelStart)
    osSemaphoreAcquire                       0x08004c5d   Thumb Code   100  cmsis_os2.o(i.osSemaphoreAcquire)
    osSemaphoreNew                           0x08004cc5   Thumb Code   202  cmsis_os2.o(i.osSemaphoreNew)
    osSemaphoreRelease                       0x08004d95   Thumb Code    80  cmsis_os2.o(i.osSemaphoreRelease)
    osThreadNew                              0x08004de9   Thumb Code   216  cmsis_os2.o(i.osThreadNew)
    pvPortMalloc                             0x08005799   Thumb Code   188  heap_4.o(i.pvPortMalloc)
    pvTaskIncrementMutexHeldCount            0x08005869   Thumb Code    26  tasks.o(i.pvTaskIncrementMutexHeldCount)
    pxPortInitialiseStack                    0x08005889   Thumb Code    30  port.o(i.pxPortInitialiseStack)
    shell_cmd_help                           0x080058ad   Thumb Code    16  cmd_parser.o(i.shell_cmd_help)
    shell_cmd_reset                          0x080058d9   Thumb Code    68  cmd_parser.o(i.shell_cmd_reset)
    shell_process                            0x08005925   Thumb Code   170  cmd_parser.o(i.shell_process)
    uxListRemove                             0x080059e9   Thumb Code    40  list.o(i.uxListRemove)
    vApplicationGetIdleTaskMemory            0x08005a11   Thumb Code    14  cmsis_os2.o(i.vApplicationGetIdleTaskMemory)
    vApplicationGetTimerTaskMemory           0x08005a29   Thumb Code    14  cmsis_os2.o(i.vApplicationGetTimerTaskMemory)
    vApplicationStackOverflowHook            0x08005a41   Thumb Code     2  cmsis_os2.o(i.vApplicationStackOverflowHook)
    vListInitialise                          0x08005a43   Thumb Code    26  list.o(i.vListInitialise)
    vListInitialiseItem                      0x08005a5d   Thumb Code     6  list.o(i.vListInitialiseItem)
    vListInsert                              0x08005a63   Thumb Code    52  list.o(i.vListInsert)
    vListInsertEnd                           0x08005a97   Thumb Code    24  list.o(i.vListInsertEnd)
    vPortEnterCritical                       0x08005ab1   Thumb Code    30  port.o(i.vPortEnterCritical)
    vPortExitCritical                        0x08005ad5   Thumb Code    28  port.o(i.vPortExitCritical)
    vPortFree                                0x08005af5   Thumb Code    64  heap_4.o(i.vPortFree)
    vPortSetupTimerInterrupt                 0x08005b3d   Thumb Code    26  port.o(i.vPortSetupTimerInterrupt)
    vQueueDelete                             0x08005b5d   Thumb Code    20  queue.o(i.vQueueDelete)
    vQueueWaitForMessageRestricted           0x08005b71   Thumb Code    74  queue.o(i.vQueueWaitForMessageRestricted)
    vTaskDebugPort                           0x08005bbd   Thumb Code    32  main.o(i.vTaskDebugPort)
    vTaskEXTILed                             0x08005bf5   Thumb Code   180  main.o(i.vTaskEXTILed)
    vTaskLedRed                              0x08005d31   Thumb Code    18  main.o(i.vTaskLedRed)
    vTaskMissedYield                         0x08005d4d   Thumb Code     8  tasks.o(i.vTaskMissedYield)
    vTaskPlaceOnEventList                    0x08005d59   Thumb Code    28  tasks.o(i.vTaskPlaceOnEventList)
    vTaskPlaceOnEventListRestricted          0x08005d79   Thumb Code    36  tasks.o(i.vTaskPlaceOnEventListRestricted)
    vTaskPriorityInherit                     0x08005da1   Thumb Code   128  tasks.o(i.vTaskPriorityInherit)
    vTaskSetTimeOutState                     0x08005e2d   Thumb Code    14  tasks.o(i.vTaskSetTimeOutState)
    vTaskStartScheduler                      0x08005e45   Thumb Code   120  tasks.o(i.vTaskStartScheduler)
    vTaskSuspendAll                          0x08005ed9   Thumb Code    12  tasks.o(i.vTaskSuspendAll)
    vTaskSwitchContext                       0x08005ee9   Thumb Code   154  tasks.o(i.vTaskSwitchContext)
    xPortStartScheduler                      0x08005f99   Thumb Code    42  port.o(i.xPortStartScheduler)
    xPortSysTickHandler                      0x08005fcd   Thumb Code    46  port.o(i.xPortSysTickHandler)
    xQueueCreateCountingSemaphore            0x08006001   Thumb Code    26  queue.o(i.xQueueCreateCountingSemaphore)
    xQueueCreateCountingSemaphoreStatic      0x0800601b   Thumb Code    34  queue.o(i.xQueueCreateCountingSemaphoreStatic)
    xQueueGenericCreate                      0x0800603d   Thumb Code    62  queue.o(i.xQueueGenericCreate)
    xQueueGenericCreateStatic                0x0800607b   Thumb Code    46  queue.o(i.xQueueGenericCreateStatic)
    xQueueGenericReceive                     0x080060a9   Thumb Code   342  queue.o(i.xQueueGenericReceive)
    xQueueGenericReset                       0x08006205   Thumb Code   122  queue.o(i.xQueueGenericReset)
    xQueueGenericSend                        0x08006285   Thumb Code   276  queue.o(i.xQueueGenericSend)
    xQueueGenericSendFromISR                 0x0800639d   Thumb Code   134  queue.o(i.xQueueGenericSendFromISR)
    xQueueGiveFromISR                        0x08006423   Thumb Code   120  queue.o(i.xQueueGiveFromISR)
    xQueueReceiveFromISR                     0x0800649b   Thumb Code   130  queue.o(i.xQueueReceiveFromISR)
    xTaskCheckForTimeOut                     0x0800651d   Thumb Code    84  tasks.o(i.xTaskCheckForTimeOut)
    xTaskCreate                              0x08006579   Thumb Code   100  tasks.o(i.xTaskCreate)
    xTaskCreateStatic                        0x080065dd   Thumb Code    78  tasks.o(i.xTaskCreateStatic)
    xTaskGetSchedulerState                   0x0800662d   Thumb Code    24  tasks.o(i.xTaskGetSchedulerState)
    xTaskGetTickCount                        0x0800664d   Thumb Code     6  tasks.o(i.xTaskGetTickCount)
    xTaskIncrementTick                       0x08006659   Thumb Code   236  tasks.o(i.xTaskIncrementTick)
    xTaskPriorityDisinherit                  0x08006771   Thumb Code    86  tasks.o(i.xTaskPriorityDisinherit)
    xTaskRemoveFromEventList                 0x080067d1   Thumb Code   102  tasks.o(i.xTaskRemoveFromEventList)
    xTaskResumeAll                           0x08006851   Thumb Code   194  tasks.o(i.xTaskResumeAll)
    xTimerCreateTimerTask                    0x08006939   Thumb Code    76  timers.o(i.xTimerCreateTimerTask)
    xTimerGenericCommand                     0x08006999   Thumb Code   104  timers.o(i.xTimerGenericCommand)
    Driver_I2C1                              0x08006a6c   Data          48  i2c_stm32f10x.o(.constdata)
    Driver_I2C2                              0x08006a9c   Data          48  i2c_stm32f10x.o(.constdata)
    Driver_SPI1                              0x08006bc4   Data          44  spi_stm32f10x.o(.constdata)
    Driver_SPI2                              0x08006bf0   Data          44  spi_stm32f10x.o(.constdata)
    Driver_SPI3                              0x08006c1c   Data          44  spi_stm32f10x.o(.constdata)
    Driver_USART2                            0x08006d6c   Data          56  usart_stm32f10x.o(.constdata)
    Driver_USART3                            0x08006da4   Data          56  usart_stm32f10x.o(.constdata)
    Driver_USART4                            0x08006ddc   Data          56  usart_stm32f10x.o(.constdata)
    Driver_USART5                            0x08006e14   Data          56  usart_stm32f10x.o(.constdata)
    Region$$Table$$Base                      0x08006ef8   Number         0  anon$$obj.o(Region$$Table)
    Region$$Table$$Limit                     0x08006f18   Number         0  anon$$obj.o(Region$$Table)
    sid_Thread_Semaphore                     0x20000000   Data           4  main.o(.data)
    count                                    0x20000004   Data           4  main.o(.data)
    cmd_buf_count                            0x2000000c   Data           4  cmd_parser.o(.data)
    welcome_msg                              0x20000010   Data           4  cmd_parser.o(.data)
    microcli_shell_cmds                      0x20000014   Data          40  cmd_parser.o(.data)
    SystemCoreClock                          0x20000054   Data           4  system_stm32f10x.o(.data)
    AHBPrescTable                            0x20000058   Data          16  system_stm32f10x.o(.data)
    pxCurrentTCB                             0x20000084   Data           4  tasks.o(.data)
    __stdin                                  0x200000d4   Data           4  stdin.o(.data)
    __stdout                                 0x200000d8   Data           4  stdout.o(.data)
    iot_send_buf                             0x200000dc   Data         128  main.o(.bss)
    iot_recev_buf                            0x2000015c   Data         128  main.o(.bss)
    cmd_buf                                  0x200001dc   Data         512  cmd_parser.o(.bss)
    __initial_sp                             0x200032f0   Data           0  startup_stm32f10x_hd.o(STACK)



==============================================================================

Memory Map of the image

  Image Entry point : 0x08000131

  Load Region LR_IROM1 (Base: 0x08000000, Size: 0x00006ff4, Max: 0x00080000, ABSOLUTE)

    Execution Region ER_IROM1 (Base: 0x08000000, Size: 0x00006f18, Max: 0x00080000, ABSOLUTE)

    Base Addr    Size         Type   Attr      Idx    E Section Name        Object

    0x08000000   0x00000130   Data   RO         3020    RESET               startup_stm32f10x_hd.o
    0x08000130   0x00000000   Code   RO         4171  * .ARM.Collect$$$$00000000  mc_w.l(entry.o)
    0x08000130   0x00000004   Code   RO         4452    .ARM.Collect$$$$00000001  mc_w.l(entry2.o)
    0x08000134   0x00000004   Code   RO         4455    .ARM.Collect$$$$00000004  mc_w.l(entry5.o)
    0x08000138   0x00000000   Code   RO         4457    .ARM.Collect$$$$00000008  mc_w.l(entry7b.o)
    0x08000138   0x00000000   Code   RO         4459    .ARM.Collect$$$$0000000A  mc_w.l(entry8b.o)
    0x08000138   0x00000008   Code   RO         4460    .ARM.Collect$$$$0000000B  mc_w.l(entry9a.o)
    0x08000140   0x00000000   Code   RO         4462    .ARM.Collect$$$$0000000D  mc_w.l(entry10a.o)
    0x08000140   0x00000000   Code   RO         4464    .ARM.Collect$$$$0000000F  mc_w.l(entry11a.o)
    0x08000140   0x00000004   Code   RO         4453    .ARM.Collect$$$$00002712  mc_w.l(entry2.o)
    0x08000144   0x00000096   Code   RO         3371    .emb_text           port.o
    0x080001da   0x00000002   PAD
    0x080001dc   0x00000024   Code   RO         3021    .text               startup_stm32f10x_hd.o
    0x08000200   0x00000024   Code   RO         4177    .text               mc_w.l(memcpya.o)
    0x08000224   0x00000024   Code   RO         4179    .text               mc_w.l(memseta.o)
    0x08000248   0x0000000e   Code   RO         4181    .text               mc_w.l(strlen.o)
    0x08000256   0x0000001c   Code   RO         4183    .text               mc_w.l(strcmp.o)
    0x08000272   0x00000012   Code   RO         4185    .text               mc_w.l(strcpy.o)
    0x08000284   0x0000001e   Code   RO         4187    .text               mc_w.l(strncmp.o)
    0x080002a2   0x00000062   Code   RO         4469    .text               mc_w.l(uldiv.o)
    0x08000304   0x00000024   Code   RO         4482    .text               mc_w.l(init.o)
    0x08000328   0x0000001e   Code   RO         4484    .text               mc_w.l(llshl.o)
    0x08000346   0x00000020   Code   RO         4486    .text               mc_w.l(llushr.o)
    0x08000366   0x00000004   Code   RO          291    i.BusFault_Handler  stm32f10x_it.o
    0x0800036a   0x00000002   Code   RO         2769    i.DMA1_Channel1_Event  dma_stm32f10x.o
    0x0800036c   0x0000001c   Code   RO         2770    i.DMA1_Channel1_IRQHandler  dma_stm32f10x.o
    0x08000388   0x00000002   Code   RO         2771    i.DMA1_Channel2_Event  dma_stm32f10x.o
    0x0800038a   0x00000002   PAD
    0x0800038c   0x0000001c   Code   RO         2772    i.DMA1_Channel2_IRQHandler  dma_stm32f10x.o
    0x080003a8   0x00000002   Code   RO         2773    i.DMA1_Channel3_Event  dma_stm32f10x.o
    0x080003aa   0x00000002   PAD
    0x080003ac   0x0000001c   Code   RO         2774    i.DMA1_Channel3_IRQHandler  dma_stm32f10x.o
    0x080003c8   0x00000002   Code   RO         2775    i.DMA1_Channel4_Event  dma_stm32f10x.o
    0x080003ca   0x00000002   PAD
    0x080003cc   0x0000001c   Code   RO         2776    i.DMA1_Channel4_IRQHandler  dma_stm32f10x.o
    0x080003e8   0x00000002   Code   RO         2777    i.DMA1_Channel5_Event  dma_stm32f10x.o
    0x080003ea   0x00000002   PAD
    0x080003ec   0x0000001c   Code   RO         2778    i.DMA1_Channel5_IRQHandler  dma_stm32f10x.o
    0x08000408   0x00000002   Code   RO         2779    i.DMA1_Channel6_Event  dma_stm32f10x.o
    0x0800040a   0x00000002   PAD
    0x0800040c   0x0000001c   Code   RO         2780    i.DMA1_Channel6_IRQHandler  dma_stm32f10x.o
    0x08000428   0x00000002   Code   RO         2781    i.DMA1_Channel7_Event  dma_stm32f10x.o
    0x0800042a   0x00000002   PAD
    0x0800042c   0x0000001c   Code   RO         2782    i.DMA1_Channel7_IRQHandler  dma_stm32f10x.o
    0x08000448   0x00000002   Code   RO         2783    i.DMA2_Channel1_Event  dma_stm32f10x.o
    0x0800044a   0x00000002   PAD
    0x0800044c   0x0000001c   Code   RO         2784    i.DMA2_Channel1_IRQHandler  dma_stm32f10x.o
    0x08000468   0x00000002   Code   RO         2785    i.DMA2_Channel2_Event  dma_stm32f10x.o
    0x0800046a   0x00000002   PAD
    0x0800046c   0x00000020   Code   RO         2786    i.DMA2_Channel2_IRQHandler  dma_stm32f10x.o
    0x0800048c   0x00000002   Code   RO         2787    i.DMA2_Channel3_Event  dma_stm32f10x.o
    0x0800048e   0x00000002   PAD
    0x08000490   0x00000020   Code   RO         2788    i.DMA2_Channel3_IRQHandler  dma_stm32f10x.o
    0x080004b0   0x00000038   Code   RO         2789    i.DMA2_Channel4_5_IRQHandler  dma_stm32f10x.o
    0x080004e8   0x00000002   Code   RO         2790    i.DMA2_Channel4_Event  dma_stm32f10x.o
    0x080004ea   0x00000002   Code   RO         2792    i.DMA2_Channel5_Event  dma_stm32f10x.o
    0x080004ec   0x00000002   Code   RO          292    i.DebugMon_Handler  stm32f10x_it.o
    0x080004ee   0x00000012   Code   RO          172    i.Delay             delay.o
    0x08000500   0x0000002c   Code   RO          293    i.EXTI0_IRQHandler  stm32f10x_it.o
    0x0800052c   0x0000002c   Code   RO          294    i.EXTI4_IRQHandler  stm32f10x_it.o
    0x08000558   0x0000000c   Code   RO         2018    i.EXTI_ClearITPendingBit  stm32f10x_exti.o
    0x08000564   0x00000090   Code   RO          262    i.EXTI_Config       exti.o
    0x080005f4   0x00000094   Code   RO         2023    i.EXTI_Init         stm32f10x_exti.o
    0x08000688   0x0000003c   Code   RO          263    i.EXTI_NVIC_Configuration  exti.o
    0x080006c4   0x0000009c   Code   RO         2976    i.GPIO_AFConfigure  gpio_stm32f10x.o
    0x08000760   0x00000040   Code   RO         2086    i.GPIO_EXTILineConfig  stm32f10x_gpio.o
    0x080007a0   0x00000098   Code   RO         2977    i.GPIO_GetPortClockState  gpio_stm32f10x.o
    0x08000838   0x00000116   Code   RO         2089    i.GPIO_Init         stm32f10x_gpio.o
    0x0800094e   0x00000078   Code   RO         2978    i.GPIO_PinConfigure  gpio_stm32f10x.o
    0x080009c6   0x00000002   PAD
    0x080009c8   0x0000013c   Code   RO         2979    i.GPIO_PortClock    gpio_stm32f10x.o
    0x08000b04   0x00000012   Code   RO         2095    i.GPIO_ReadOutputDataBit  stm32f10x_gpio.o
    0x08000b16   0x00000004   Code   RO         2096    i.GPIO_ResetBits    stm32f10x_gpio.o
    0x08000b1a   0x00000004   Code   RO         2097    i.GPIO_SetBits      stm32f10x_gpio.o
    0x08000b1e   0x00000004   Code   RO          295    i.HardFault_Handler  stm32f10x_it.o
    0x08000b22   0x00000002   PAD
    0x08000b24   0x00000018   Code   RO         1078    i.I2C1_Control      i2c_stm32f10x.o
    0x08000b3c   0x00000010   Code   RO         1079    i.I2C1_ER_IRQHandler  i2c_stm32f10x.o
    0x08000b4c   0x00000010   Code   RO         1080    i.I2C1_EV_IRQHandler  i2c_stm32f10x.o
    0x08000b5c   0x00000010   Code   RO         1081    i.I2C1_GetDataCount  i2c_stm32f10x.o
    0x08000b6c   0x00000010   Code   RO         1082    i.I2C1_GetStatus    i2c_stm32f10x.o
    0x08000b7c   0x00000014   Code   RO         1083    i.I2C1_Initialize   i2c_stm32f10x.o
    0x08000b90   0x00000020   Code   RO         1084    i.I2C1_MasterReceive  i2c_stm32f10x.o
    0x08000bb0   0x00000020   Code   RO         1085    i.I2C1_MasterTransmit  i2c_stm32f10x.o
    0x08000bd0   0x00000014   Code   RO         1086    i.I2C1_PowerControl  i2c_stm32f10x.o
    0x08000be4   0x00000018   Code   RO         1087    i.I2C1_SlaveReceive  i2c_stm32f10x.o
    0x08000bfc   0x00000018   Code   RO         1088    i.I2C1_SlaveTransmit  i2c_stm32f10x.o
    0x08000c14   0x00000010   Code   RO         1089    i.I2C1_Uninitialize  i2c_stm32f10x.o
    0x08000c24   0x00000018   Code   RO         1090    i.I2C2_Control      i2c_stm32f10x.o
    0x08000c3c   0x00000010   Code   RO         1091    i.I2C2_ER_IRQHandler  i2c_stm32f10x.o
    0x08000c4c   0x00000010   Code   RO         1092    i.I2C2_EV_IRQHandler  i2c_stm32f10x.o
    0x08000c5c   0x00000010   Code   RO         1093    i.I2C2_GetDataCount  i2c_stm32f10x.o
    0x08000c6c   0x00000010   Code   RO         1094    i.I2C2_GetStatus    i2c_stm32f10x.o
    0x08000c7c   0x00000014   Code   RO         1095    i.I2C2_Initialize   i2c_stm32f10x.o
    0x08000c90   0x00000020   Code   RO         1096    i.I2C2_MasterReceive  i2c_stm32f10x.o
    0x08000cb0   0x00000020   Code   RO         1097    i.I2C2_MasterTransmit  i2c_stm32f10x.o
    0x08000cd0   0x00000014   Code   RO         1098    i.I2C2_PowerControl  i2c_stm32f10x.o
    0x08000ce4   0x00000018   Code   RO         1099    i.I2C2_SlaveReceive  i2c_stm32f10x.o
    0x08000cfc   0x00000018   Code   RO         1100    i.I2C2_SlaveTransmit  i2c_stm32f10x.o
    0x08000d14   0x00000010   Code   RO         1101    i.I2C2_Uninitialize  i2c_stm32f10x.o
    0x08000d24   0x0000000c   Code   RO         1102    i.I2CX_GetCapabilities  i2c_stm32f10x.o
    0x08000d30   0x00000010   Code   RO         1103    i.I2CX_GetVersion   i2c_stm32f10x.o
    0x08000d40   0x000003ec   Code   RO         1104    i.I2C_Control       i2c_stm32f10x.o
    0x0800112c   0x00000122   Code   RO         1105    i.I2C_ER_IRQHandler  i2c_stm32f10x.o
    0x0800124e   0x0000058c   Code   RO         1106    i.I2C_EV_IRQHandler  i2c_stm32f10x.o
    0x080017da   0x00000008   Code   RO         1107    i.I2C_GetDataCount  i2c_stm32f10x.o
    0x080017e2   0x00000008   Code   RO         1108    i.I2C_GetStatus     i2c_stm32f10x.o
    0x080017ea   0x00000058   Code   RO         1109    i.I2C_Initialize    i2c_stm32f10x.o
    0x08001842   0x000000e2   Code   RO         1110    i.I2C_MasterReceive  i2c_stm32f10x.o
    0x08001924   0x000000d4   Code   RO         1111    i.I2C_MasterTransmit  i2c_stm32f10x.o
    0x080019f8   0x0000015c   Code   RO         1112    i.I2C_PowerControl  i2c_stm32f10x.o
    0x08001b54   0x00000070   Code   RO         1113    i.I2C_SlaveReceive  i2c_stm32f10x.o
    0x08001bc4   0x00000064   Code   RO         1114    i.I2C_SlaveTransmit  i2c_stm32f10x.o
    0x08001c28   0x0000002a   Code   RO         1115    i.I2C_Uninitialize  i2c_stm32f10x.o
    0x08001c52   0x00000002   PAD
    0x08001c54   0x0000002c   Code   RO          196    i.LED_GPIO_Config   led.o
    0x08001c80   0x00000004   Code   RO          296    i.MemManage_Handler  stm32f10x_it.o
    0x08001c84   0x00000002   Code   RO          297    i.NMI_Handler       stm32f10x_it.o
    0x08001c86   0x00000002   PAD
    0x08001c88   0x00000070   Code   RO         1969    i.NVIC_Init         misc.o
    0x08001cf8   0x00000020   Code   RO         2213    i.RCC_APB2PeriphClockCmd  stm32f10x_rcc.o
    0x08001d18   0x000000d4   Code   RO         2221    i.RCC_GetClocksFreq  stm32f10x_rcc.o
    0x08001dec   0x00000018   Code   RO         1325    i.SPI1_Control      spi_stm32f10x.o
    0x08001e04   0x00000010   Code   RO         1326    i.SPI1_GetDataCount  spi_stm32f10x.o
    0x08001e14   0x00000010   Code   RO         1327    i.SPI1_GetStatus    spi_stm32f10x.o
    0x08001e24   0x00000010   Code   RO         1328    i.SPI1_IRQHandler   spi_stm32f10x.o
    0x08001e34   0x00000014   Code   RO         1329    i.SPI1_Initialize   spi_stm32f10x.o
    0x08001e48   0x00000014   Code   RO         1330    i.SPI1_PowerControl  spi_stm32f10x.o
    0x08001e5c   0x00000018   Code   RO         1331    i.SPI1_Receive      spi_stm32f10x.o
    0x08001e74   0x00000018   Code   RO         1332    i.SPI1_Send         spi_stm32f10x.o
    0x08001e8c   0x0000001c   Code   RO         1333    i.SPI1_Transfer     spi_stm32f10x.o
    0x08001ea8   0x00000010   Code   RO         1334    i.SPI1_Uninitialize  spi_stm32f10x.o
    0x08001eb8   0x00000018   Code   RO         1335    i.SPI2_Control      spi_stm32f10x.o
    0x08001ed0   0x00000010   Code   RO         1336    i.SPI2_GetDataCount  spi_stm32f10x.o
    0x08001ee0   0x00000010   Code   RO         1337    i.SPI2_GetStatus    spi_stm32f10x.o
    0x08001ef0   0x00000010   Code   RO         1338    i.SPI2_IRQHandler   spi_stm32f10x.o
    0x08001f00   0x00000014   Code   RO         1339    i.SPI2_Initialize   spi_stm32f10x.o
    0x08001f14   0x00000014   Code   RO         1340    i.SPI2_PowerControl  spi_stm32f10x.o
    0x08001f28   0x00000018   Code   RO         1341    i.SPI2_Receive      spi_stm32f10x.o
    0x08001f40   0x00000018   Code   RO         1342    i.SPI2_Send         spi_stm32f10x.o
    0x08001f58   0x0000001c   Code   RO         1343    i.SPI2_Transfer     spi_stm32f10x.o
    0x08001f74   0x00000010   Code   RO         1344    i.SPI2_Uninitialize  spi_stm32f10x.o
    0x08001f84   0x00000018   Code   RO         1345    i.SPI3_Control      spi_stm32f10x.o
    0x08001f9c   0x00000010   Code   RO         1346    i.SPI3_GetDataCount  spi_stm32f10x.o
    0x08001fac   0x00000010   Code   RO         1347    i.SPI3_GetStatus    spi_stm32f10x.o
    0x08001fbc   0x00000010   Code   RO         1348    i.SPI3_IRQHandler   spi_stm32f10x.o
    0x08001fcc   0x00000014   Code   RO         1349    i.SPI3_Initialize   spi_stm32f10x.o
    0x08001fe0   0x00000014   Code   RO         1350    i.SPI3_PowerControl  spi_stm32f10x.o
    0x08001ff4   0x00000018   Code   RO         1351    i.SPI3_Receive      spi_stm32f10x.o
    0x0800200c   0x00000018   Code   RO         1352    i.SPI3_Send         spi_stm32f10x.o
    0x08002024   0x0000001c   Code   RO         1353    i.SPI3_Transfer     spi_stm32f10x.o
    0x08002040   0x00000010   Code   RO         1354    i.SPI3_Uninitialize  spi_stm32f10x.o
    0x08002050   0x0000000c   Code   RO         1355    i.SPIX_GetCapabilities  spi_stm32f10x.o
    0x0800205c   0x00000010   Code   RO         1356    i.SPIX_GetVersion   spi_stm32f10x.o
    0x0800206c   0x00000430   Code   RO         1357    i.SPI_Control       spi_stm32f10x.o
    0x0800249c   0x00000008   Code   RO         1358    i.SPI_GetDataCount  spi_stm32f10x.o
    0x080024a4   0x0000005a   Code   RO         1359    i.SPI_GetStatus     spi_stm32f10x.o
    0x080024fe   0x00000208   Code   RO         1360    i.SPI_IRQHandler    spi_stm32f10x.o
    0x08002706   0x0000009e   Code   RO         1361    i.SPI_Initialize    spi_stm32f10x.o
    0x080027a4   0x00000088   Code   RO         1362    i.SPI_PeripheralReset  spi_stm32f10x.o
    0x0800282c   0x00000194   Code   RO         1363    i.SPI_PowerControl  spi_stm32f10x.o
    0x080029c0   0x00000094   Code   RO         1364    i.SPI_Receive       spi_stm32f10x.o
    0x08002a54   0x00000094   Code   RO         1365    i.SPI_Send          spi_stm32f10x.o
    0x08002ae8   0x00000070   Code   RO         1366    i.SPI_Transfer      spi_stm32f10x.o
    0x08002b58   0x0000004e   Code   RO         1367    i.SPI_Uninitialize  spi_stm32f10x.o
    0x08002ba6   0x00000008   Code   RO         3028    i.SetSysClock       system_stm32f10x.o
    0x08002bae   0x00000002   PAD
    0x08002bb0   0x000000e0   Code   RO         3029    i.SetSysClockTo72   system_stm32f10x.o
    0x08002c90   0x0000000e   Code   RO          509    i.SysTick_Handler   cmsis_os2.o
    0x08002c9e   0x00000002   PAD
    0x08002ca0   0x000000a4   Code   RO         3030    i.SystemCoreClockUpdate  system_stm32f10x.o
    0x08002d44   0x00000060   Code   RO         3031    i.SystemInit        system_stm32f10x.o
    0x08002da4   0x00000010   Code   RO         1579    i.UART4_IRQHandler  usart_stm32f10x.o
    0x08002db4   0x00000010   Code   RO         1580    i.UART5_IRQHandler  usart_stm32f10x.o
    0x08002dc4   0x00000080   Code   RO          226    i.USART1_Config     usart1.o
    0x08002e44   0x00000018   Code   RO         1581    i.USART2_Control    usart_stm32f10x.o
    0x08002e5c   0x00000010   Code   RO         1582    i.USART2_GetCapabilities  usart_stm32f10x.o
    0x08002e6c   0x00000010   Code   RO         1583    i.USART2_GetModemStatus  usart_stm32f10x.o
    0x08002e7c   0x00000010   Code   RO         1584    i.USART2_GetRxCount  usart_stm32f10x.o
    0x08002e8c   0x00000010   Code   RO         1585    i.USART2_GetStatus  usart_stm32f10x.o
    0x08002e9c   0x00000010   Code   RO         1586    i.USART2_GetTxCount  usart_stm32f10x.o
    0x08002eac   0x00000010   Code   RO         1587    i.USART2_IRQHandler  usart_stm32f10x.o
    0x08002ebc   0x00000014   Code   RO         1588    i.USART2_Initialize  usart_stm32f10x.o
    0x08002ed0   0x00000014   Code   RO         1589    i.USART2_PowerControl  usart_stm32f10x.o
    0x08002ee4   0x00000018   Code   RO         1590    i.USART2_Receive    usart_stm32f10x.o
    0x08002efc   0x00000018   Code   RO         1591    i.USART2_Send       usart_stm32f10x.o
    0x08002f14   0x00000014   Code   RO         1592    i.USART2_SetModemControl  usart_stm32f10x.o
    0x08002f28   0x0000001c   Code   RO         1593    i.USART2_Transfer   usart_stm32f10x.o
    0x08002f44   0x00000010   Code   RO         1594    i.USART2_Uninitialize  usart_stm32f10x.o
    0x08002f54   0x00000018   Code   RO         1595    i.USART3_Control    usart_stm32f10x.o
    0x08002f6c   0x00000010   Code   RO         1596    i.USART3_GetCapabilities  usart_stm32f10x.o
    0x08002f7c   0x00000010   Code   RO         1597    i.USART3_GetModemStatus  usart_stm32f10x.o
    0x08002f8c   0x00000010   Code   RO         1598    i.USART3_GetRxCount  usart_stm32f10x.o
    0x08002f9c   0x00000010   Code   RO         1599    i.USART3_GetStatus  usart_stm32f10x.o
    0x08002fac   0x00000010   Code   RO         1600    i.USART3_GetTxCount  usart_stm32f10x.o
    0x08002fbc   0x00000010   Code   RO         1601    i.USART3_IRQHandler  usart_stm32f10x.o
    0x08002fcc   0x00000014   Code   RO         1602    i.USART3_Initialize  usart_stm32f10x.o
    0x08002fe0   0x00000014   Code   RO         1603    i.USART3_PowerControl  usart_stm32f10x.o
    0x08002ff4   0x00000018   Code   RO         1604    i.USART3_Receive    usart_stm32f10x.o
    0x0800300c   0x00000018   Code   RO         1605    i.USART3_Send       usart_stm32f10x.o
    0x08003024   0x00000014   Code   RO         1606    i.USART3_SetModemControl  usart_stm32f10x.o
    0x08003038   0x0000001c   Code   RO         1607    i.USART3_Transfer   usart_stm32f10x.o
    0x08003054   0x00000010   Code   RO         1608    i.USART3_Uninitialize  usart_stm32f10x.o
    0x08003064   0x00000018   Code   RO         1609    i.USART4_Control    usart_stm32f10x.o
    0x0800307c   0x00000010   Code   RO         1610    i.USART4_GetCapabilities  usart_stm32f10x.o
    0x0800308c   0x00000010   Code   RO         1611    i.USART4_GetModemStatus  usart_stm32f10x.o
    0x0800309c   0x00000010   Code   RO         1612    i.USART4_GetRxCount  usart_stm32f10x.o
    0x080030ac   0x00000010   Code   RO         1613    i.USART4_GetStatus  usart_stm32f10x.o
    0x080030bc   0x00000010   Code   RO         1614    i.USART4_GetTxCount  usart_stm32f10x.o
    0x080030cc   0x00000014   Code   RO         1615    i.USART4_Initialize  usart_stm32f10x.o
    0x080030e0   0x00000014   Code   RO         1616    i.USART4_PowerControl  usart_stm32f10x.o
    0x080030f4   0x00000018   Code   RO         1617    i.USART4_Receive    usart_stm32f10x.o
    0x0800310c   0x00000018   Code   RO         1618    i.USART4_Send       usart_stm32f10x.o
    0x08003124   0x00000014   Code   RO         1619    i.USART4_SetModemControl  usart_stm32f10x.o
    0x08003138   0x0000001c   Code   RO         1620    i.USART4_Transfer   usart_stm32f10x.o
    0x08003154   0x00000010   Code   RO         1621    i.USART4_Uninitialize  usart_stm32f10x.o
    0x08003164   0x00000018   Code   RO         1622    i.USART5_Control    usart_stm32f10x.o
    0x0800317c   0x00000010   Code   RO         1623    i.USART5_GetCapabilities  usart_stm32f10x.o
    0x0800318c   0x00000010   Code   RO         1624    i.USART5_GetModemStatus  usart_stm32f10x.o
    0x0800319c   0x00000010   Code   RO         1625    i.USART5_GetRxCount  usart_stm32f10x.o
    0x080031ac   0x00000010   Code   RO         1626    i.USART5_GetStatus  usart_stm32f10x.o
    0x080031bc   0x00000010   Code   RO         1627    i.USART5_GetTxCount  usart_stm32f10x.o
    0x080031cc   0x00000014   Code   RO         1628    i.USART5_Initialize  usart_stm32f10x.o
    0x080031e0   0x00000014   Code   RO         1629    i.USART5_PowerControl  usart_stm32f10x.o
    0x080031f4   0x00000018   Code   RO         1630    i.USART5_Receive    usart_stm32f10x.o
    0x0800320c   0x00000018   Code   RO         1631    i.USART5_Send       usart_stm32f10x.o
    0x08003224   0x00000014   Code   RO         1632    i.USART5_SetModemControl  usart_stm32f10x.o
    0x08003238   0x0000001c   Code   RO         1633    i.USART5_Transfer   usart_stm32f10x.o
    0x08003254   0x00000010   Code   RO         1634    i.USART5_Uninitialize  usart_stm32f10x.o
    0x08003264   0x00000018   Code   RO         2581    i.USART_Cmd         stm32f10x_usart.o
    0x0800327c   0x00000822   Code   RO         1635    i.USART_Control     usart_stm32f10x.o
    0x08003a9e   0x00000006   Code   RO         1636    i.USART_GetCapabilities  usart_stm32f10x.o
    0x08003aa4   0x0000001a   Code   RO         2584    i.USART_GetFlagStatus  stm32f10x_usart.o
    0x08003abe   0x00000090   Code   RO         1637    i.USART_GetModemStatus  usart_stm32f10x.o
    0x08003b4e   0x00000008   Code   RO         1638    i.USART_GetRxCount  usart_stm32f10x.o
    0x08003b56   0x000000d4   Code   RO         1639    i.USART_GetStatus   usart_stm32f10x.o
    0x08003c2a   0x00000008   Code   RO         1640    i.USART_GetTxCount  usart_stm32f10x.o
    0x08003c32   0x00000270   Code   RO         1641    i.USART_IRQHandler  usart_stm32f10x.o
    0x08003ea2   0x00000002   PAD
    0x08003ea4   0x000000d8   Code   RO         2588    i.USART_Init        stm32f10x_usart.o
    0x08003f7c   0x000000a2   Code   RO         1642    i.USART_Initialize  usart_stm32f10x.o
    0x0800401e   0x00000002   PAD
    0x08004020   0x000000d8   Code   RO         1643    i.USART_PeripheralReset  usart_stm32f10x.o
    0x080040f8   0x00000228   Code   RO         1644    i.USART_PowerControl  usart_stm32f10x.o
    0x08004320   0x000000a2   Code   RO         1645    i.USART_Receive     usart_stm32f10x.o
    0x080043c2   0x0000000a   Code   RO         2595    i.USART_ReceiveData  stm32f10x_usart.o
    0x080043cc   0x00000088   Code   RO         1646    i.USART_Send        usart_stm32f10x.o
    0x08004454   0x00000008   Code   RO         2598    i.USART_SendData    stm32f10x_usart.o
    0x0800445c   0x0000009c   Code   RO         1647    i.USART_SetModemControl  usart_stm32f10x.o
    0x080044f8   0x0000006a   Code   RO         1648    i.USART_Transfer    usart_stm32f10x.o
    0x08004562   0x0000006c   Code   RO         1649    i.USART_Uninitialize  usart_stm32f10x.o
    0x080045ce   0x00000002   PAD
    0x080045d0   0x00000010   Code   RO         1650    i.USARTx_GetVersion  usart_stm32f10x.o
    0x080045e0   0x00000004   Code   RO          298    i.UsageFault_Handler  stm32f10x_it.o
    0x080045e4   0x00000020   Code   RO         4324    i.__0printf$5       mc_w.l(printf5.o)
    0x08004604   0x0000001c   Code   RO         1116    i.__NVIC_ClearPendingIRQ  i2c_stm32f10x.o
    0x08004620   0x0000003c   Code   RO         1117    i.__NVIC_DisableIRQ  i2c_stm32f10x.o
    0x0800465c   0x0000001a   Code   RO         1118    i.__NVIC_EnableIRQ  i2c_stm32f10x.o
    0x08004676   0x00000006   Code   RO          511    i.__get_BASEPRI     cmsis_os2.o
    0x0800467c   0x00000006   Code   RO          512    i.__get_IPSR        cmsis_os2.o
    0x08004682   0x00000006   Code   RO          513    i.__get_PRIMASK     cmsis_os2.o
    0x08004688   0x0000000e   Code   RO         4494    i.__scatterload_copy  mc_w.l(handlers.o)
    0x08004696   0x00000002   Code   RO         4495    i.__scatterload_null  mc_w.l(handlers.o)
    0x08004698   0x0000000e   Code   RO         4496    i.__scatterload_zeroinit  mc_w.l(handlers.o)
    0x080046a6   0x00000002   PAD
    0x080046a8   0x000002c0   Code   RO         4331    i._printf_core      mc_w.l(printf5.o)
    0x08004968   0x00000050   Code   RO          227    i.fgetc             usart1.o
    0x080049b8   0x00000030   Code   RO          228    i.fputc             usart1.o
    0x080049e8   0x000000c8   Code   RO          358    i.get_cmd_parser_char  cmd_parser.o
    0x08004ab0   0x00000004   Code   RO         4174    i.getc              mc_w.l(getc.o)
    0x08004ab4   0x00000028   Code   RO          197    i.led_toggle        led.o
    0x08004adc   0x000000d0   Code   RO            4    i.main              main.o
    0x08004bac   0x0000002c   Code   RO            5    i.myUSART_callback  main.o
    0x08004bd8   0x00000040   Code   RO          528    i.osKernelInitialize  cmsis_os2.o
    0x08004c18   0x00000044   Code   RO          531    i.osKernelStart     cmsis_os2.o
    0x08004c5c   0x00000068   Code   RO          547    i.osSemaphoreAcquire  cmsis_os2.o
    0x08004cc4   0x000000d0   Code   RO          550    i.osSemaphoreNew    cmsis_os2.o
    0x08004d94   0x00000054   Code   RO          551    i.osSemaphoreRelease  cmsis_os2.o
    0x08004de8   0x000000dc   Code   RO          564    i.osThreadNew       cmsis_os2.o
    0x08004ec4   0x0000007c   Code   RO         3665    i.prvAddCurrentTaskToDelayedList  tasks.o
    0x08004f40   0x000000b8   Code   RO         3666    i.prvAddNewTaskToReadyList  tasks.o
    0x08004ff8   0x0000005c   Code   RO         4026    i.prvCheckForValidListAndQueue  timers.o
    0x08005054   0x00000064   Code   RO         3667    i.prvCheckTasksWaitingTermination  tasks.o
    0x080050b8   0x0000002a   Code   RO         3454    i.prvCopyDataFromQueue  queue.o
    0x080050e2   0x0000007c   Code   RO         3455    i.prvCopyDataToQueue  queue.o
    0x0800515e   0x00000028   Code   RO         3668    i.prvDeleteTCB      tasks.o
    0x08005186   0x00000002   PAD
    0x08005188   0x00000028   Code   RO         4027    i.prvGetNextExpireTime  timers.o
    0x080051b0   0x0000007c   Code   RO         3310    i.prvHeapInit       heap_4.o
    0x0800522c   0x00000028   Code   RO         3669    i.prvIdleTask       tasks.o
    0x08005254   0x0000002a   Code   RO         3457    i.prvInitialiseNewQueue  queue.o
    0x0800527e   0x00000090   Code   RO         3670    i.prvInitialiseNewTask  tasks.o
    0x0800530e   0x00000002   PAD
    0x08005310   0x00000068   Code   RO         3671    i.prvInitialiseTaskLists  tasks.o
    0x08005378   0x00000068   Code   RO         3311    i.prvInsertBlockIntoFreeList  heap_4.o
    0x080053e0   0x00000058   Code   RO         4029    i.prvInsertTimerInActiveList  timers.o
    0x08005438   0x0000001a   Code   RO         3458    i.prvIsQueueEmpty   queue.o
    0x08005452   0x0000001e   Code   RO         3459    i.prvIsQueueFull    queue.o
    0x08005470   0x0000004c   Code   RO         4030    i.prvProcessExpiredTimer  timers.o
    0x080054bc   0x000000d4   Code   RO         4031    i.prvProcessReceivedCommands  timers.o
    0x08005590   0x00000074   Code   RO         4032    i.prvProcessTimerOrBlockTask  timers.o
    0x08005604   0x00000034   Code   RO         3673    i.prvResetNextTaskUnblockTime  tasks.o
    0x08005638   0x0000002c   Code   RO         4033    i.prvSampleTimeNow  timers.o
    0x08005664   0x00000084   Code   RO         4034    i.prvSwitchTimerLists  timers.o
    0x080056e8   0x00000016   Code   RO         3372    i.prvTaskExitError  port.o
    0x080056fe   0x0000001a   Code   RO         4035    i.prvTimerTask      timers.o
    0x08005718   0x0000007e   Code   RO         3460    i.prvUnlockQueue    queue.o
    0x08005796   0x00000002   PAD
    0x08005798   0x000000d0   Code   RO         3312    i.pvPortMalloc      heap_4.o
    0x08005868   0x00000020   Code   RO         3676    i.pvTaskIncrementMutexHeldCount  tasks.o
    0x08005888   0x00000024   Code   RO         3373    i.pxPortInitialiseStack  port.o
    0x080058ac   0x0000002c   Code   RO          359    i.shell_cmd_help    cmd_parser.o
    0x080058d8   0x0000004c   Code   RO          360    i.shell_cmd_reset   cmd_parser.o
    0x08005924   0x000000c4   Code   RO          361    i.shell_process     cmd_parser.o
    0x080059e8   0x00000028   Code   RO         3262    i.uxListRemove      list.o
    0x08005a10   0x00000018   Code   RO          576    i.vApplicationGetIdleTaskMemory  cmsis_os2.o
    0x08005a28   0x00000018   Code   RO          577    i.vApplicationGetTimerTaskMemory  cmsis_os2.o
    0x08005a40   0x00000002   Code   RO          578    i.vApplicationStackOverflowHook  cmsis_os2.o
    0x08005a42   0x0000001a   Code   RO         3263    i.vListInitialise   list.o
    0x08005a5c   0x00000006   Code   RO         3264    i.vListInitialiseItem  list.o
    0x08005a62   0x00000034   Code   RO         3265    i.vListInsert       list.o
    0x08005a96   0x00000018   Code   RO         3266    i.vListInsertEnd    list.o
    0x08005aae   0x00000002   PAD
    0x08005ab0   0x00000024   Code   RO         3375    i.vPortEnterCritical  port.o
    0x08005ad4   0x00000020   Code   RO         3376    i.vPortExitCritical  port.o
    0x08005af4   0x00000048   Code   RO         3313    i.vPortFree         heap_4.o
    0x08005b3c   0x00000020   Code   RO         3377    i.vPortSetupTimerInterrupt  port.o
    0x08005b5c   0x00000014   Code   RO         3466    i.vQueueDelete      queue.o
    0x08005b70   0x0000004a   Code   RO         3468    i.vQueueWaitForMessageRestricted  queue.o
    0x08005bba   0x00000002   PAD
    0x08005bbc   0x00000038   Code   RO            6    i.vTaskDebugPort    main.o
    0x08005bf4   0x0000013c   Code   RO            7    i.vTaskEXTILed      main.o
    0x08005d30   0x0000001c   Code   RO            9    i.vTaskLedRed       main.o
    0x08005d4c   0x0000000c   Code   RO         3690    i.vTaskMissedYield  tasks.o
    0x08005d58   0x00000020   Code   RO         3692    i.vTaskPlaceOnEventList  tasks.o
    0x08005d78   0x00000028   Code   RO         3693    i.vTaskPlaceOnEventListRestricted  tasks.o
    0x08005da0   0x0000008c   Code   RO         3695    i.vTaskPriorityInherit  tasks.o
    0x08005e2c   0x00000018   Code   RO         3699    i.vTaskSetTimeOutState  tasks.o
    0x08005e44   0x00000094   Code   RO         3700    i.vTaskStartScheduler  tasks.o
    0x08005ed8   0x00000010   Code   RO         3702    i.vTaskSuspendAll   tasks.o
    0x08005ee8   0x000000b0   Code   RO         3703    i.vTaskSwitchContext  tasks.o
    0x08005f98   0x00000034   Code   RO         3378    i.xPortStartScheduler  port.o
    0x08005fcc   0x00000034   Code   RO         3379    i.xPortSysTickHandler  port.o
    0x08006000   0x0000001a   Code   RO         3469    i.xQueueCreateCountingSemaphore  queue.o
    0x0800601a   0x00000022   Code   RO         3470    i.xQueueCreateCountingSemaphoreStatic  queue.o
    0x0800603c   0x0000003e   Code   RO         3473    i.xQueueGenericCreate  queue.o
    0x0800607a   0x0000002e   Code   RO         3474    i.xQueueGenericCreateStatic  queue.o
    0x080060a8   0x0000015c   Code   RO         3475    i.xQueueGenericReceive  queue.o
    0x08006204   0x00000080   Code   RO         3476    i.xQueueGenericReset  queue.o
    0x08006284   0x00000118   Code   RO         3477    i.xQueueGenericSend  queue.o
    0x0800639c   0x00000086   Code   RO         3478    i.xQueueGenericSendFromISR  queue.o
    0x08006422   0x00000078   Code   RO         3480    i.xQueueGiveFromISR  queue.o
    0x0800649a   0x00000082   Code   RO         3485    i.xQueueReceiveFromISR  queue.o
    0x0800651c   0x0000005c   Code   RO         3704    i.xTaskCheckForTimeOut  tasks.o
    0x08006578   0x00000064   Code   RO         3705    i.xTaskCreate       tasks.o
    0x080065dc   0x0000004e   Code   RO         3706    i.xTaskCreateStatic  tasks.o
    0x0800662a   0x00000002   PAD
    0x0800662c   0x00000020   Code   RO         3710    i.xTaskGetSchedulerState  tasks.o
    0x0800664c   0x0000000c   Code   RO         3711    i.xTaskGetTickCount  tasks.o
    0x08006658   0x00000118   Code   RO         3713    i.xTaskIncrementTick  tasks.o
    0x08006770   0x00000060   Code   RO         3716    i.xTaskPriorityDisinherit  tasks.o
    0x080067d0   0x00000080   Code   RO         3717    i.xTaskRemoveFromEventList  tasks.o
    0x08006850   0x000000e8   Code   RO         3719    i.xTaskResumeAll    tasks.o
    0x08006938   0x00000060   Code   RO         4040    i.xTimerCreateTimerTask  timers.o
    0x08006998   0x0000006c   Code   RO         4041    i.xTimerGenericCommand  timers.o
    0x08006a04   0x0000000f   Data   RO          363    .constdata          cmd_parser.o
    0x08006a13   0x00000001   PAD
    0x08006a14   0x000000b8   Data   RO         1120    .constdata          i2c_stm32f10x.o
    0x08006acc   0x0000017c   Data   RO         1369    .constdata          spi_stm32f10x.o
    0x08006c48   0x00000204   Data   RO         1652    .constdata          usart_stm32f10x.o
    0x08006e4c   0x000000aa   Data   RO          364    .conststring        cmd_parser.o
    0x08006ef6   0x00000002   PAD
    0x08006ef8   0x00000020   Data   RO         4492    Region$$Table       anon$$obj.o


    Execution Region RW_IRAM1 (Base: 0x20000000, Size: 0x000032f0, Max: 0x00010000, ABSOLUTE)

    Base Addr    Size         Type   Attr      Idx    E Section Name        Object

    0x20000000   0x0000000c   Data   RW           11    .data               main.o
    0x2000000c   0x00000030   Data   RW          365    .data               cmd_parser.o
    0x2000003c   0x00000004   Data   RW          580    .data               cmsis_os2.o
    0x20000040   0x00000014   Data   RW         2241    .data               stm32f10x_rcc.o
    0x20000054   0x00000014   Data   RW         3032    .data               system_stm32f10x.o
    0x20000068   0x00000018   Data   RW         3318    .data               heap_4.o
    0x20000080   0x00000004   Data   RW         3380    .data               port.o
    0x20000084   0x0000003c   Data   RW         3722    .data               tasks.o
    0x200000c0   0x00000014   Data   RW         4049    .data               timers.o
    0x200000d4   0x00000004   Data   RW         4176    .data               mc_w.l(stdin.o)
    0x200000d8   0x00000004   Data   RW         4466    .data               mc_w.l(stdout.o)
    0x200000dc   0x00000100   Zero   RW           10    .bss                main.o
    0x200001dc   0x00000200   Zero   RW          362    .bss                cmd_parser.o
    0x200003dc   0x000003f8   Zero   RW          579    .bss                cmsis_os2.o
    0x200007d4   0x00000038   Zero   RW         1119    .bss                i2c_stm32f10x.o
    0x2000080c   0x00000078   Zero   RW         1368    .bss                spi_stm32f10x.o
    0x20000884   0x000000e0   Zero   RW         1651    .bss                usart_stm32f10x.o
    0x20000964   0x00002000   Zero   RW         3317    .bss                heap_4.o
    0x20002964   0x000004c4   Zero   RW         3721    .bss                tasks.o
    0x20002e28   0x000000c8   Zero   RW         4048    .bss                timers.o
    0x20002ef0   0x00000400   Zero   RW         3018    STACK               startup_stm32f10x_hd.o


==============================================================================

Image component sizes


      Code (inc. data)   RO Data    RW Data    ZI Data      Debug   Object Name

         0          0          0          0          0       3724   clib_arm.o
       516        110        185         48        512      32204   cmd_parser.o
       830         48          0          4       1016      39093   cmsis_os2.o
        18          0          0          0          0        784   delay.o
       368         50          0          0          0      12603   dma_stm32f10x.o
         0          0          0          0          0      16196   event_groups.o
       204          8          0          0          0       1018   exti.o
         0          0          0          0          0      14736   freertos_evr.o
       744         76          0          0          0       6569   gpio_stm32f10x.o
       508         62          0         24       8192       4183   heap_4.o
      4512        202        184          0         56      58525   i2c_stm32f10x.o
        84          6          0          0          0       1375   led.o
       148          0          0          0          0       3498   list.o
       652        236          0         12        256     256708   main.o
       112         12          0          0          0       1332   misc.o
       412         50          0          4          0       9284   port.o
      1792         16          0          0          0      17182   queue.o
      3514        228        380          0        120      62240   spi_stm32f10x.o
        36          8        304          0       1024        816   startup_stm32f10x_hd.o
       160         12          0          0          0       1873   stm32f10x_exti.o
       368          4          0          0          0       4839   stm32f10x_gpio.o
       108         16          0          0          0       3403   stm32f10x_it.o
       244         26          0         20          0       4241   stm32f10x_rcc.o
       284          6          0          0          0       5124   stm32f10x_usart.o
       492         50          0         20          0       3053   system_stm32f10x.o
      2458        354          0         60       1220      21808   tasks.o
      1030        114          0         20        200       9383   timers.o
       256         26          0          0          0       1708   usart1.o
      5786        408        516          0        224      51115   usart_stm32f10x.o

    ----------------------------------------------------------------------
     25686       2128       1604        212      12820     648617   Object Totals
         0          0         32          0          0          0   (incl. Generated)
        50          0          3          0          0          0   (incl. Padding)

    ----------------------------------------------------------------------

      Code (inc. data)   RO Data    RW Data    ZI Data      Debug   Library Member Name

         0          0          0          0          0          0   entry.o
         0          0          0          0          0          0   entry10a.o
         0          0          0          0          0          0   entry11a.o
         8          4          0          0          0          0   entry2.o
         4          0          0          0          0          0   entry5.o
         0          0          0          0          0          0   entry7b.o
         0          0          0          0          0          0   entry8b.o
         8          4          0          0          0          0   entry9a.o
         4          0          0          0          0         68   getc.o
        30          0          0          0          0          0   handlers.o
        36          8          0          0          0         68   init.o
        30          0          0          0          0         68   llshl.o
        32          0          0          0          0         68   llushr.o
        36          0          0          0          0         68   memcpya.o
        36          0          0          0          0        108   memseta.o
       736         56          0          0          0        184   printf5.o
         0          0          0          4          0          0   stdin.o
         0          0          0          4          0          0   stdout.o
        28          0          0          0          0         76   strcmp.o
        18          0          0          0          0         68   strcpy.o
        14          0          0          0          0         68   strlen.o
        30          0          0          0          0         80   strncmp.o
        98          0          0          0          0         92   uldiv.o

    ----------------------------------------------------------------------
      1150         72          0          8          0       1016   Library Totals
         2          0          0          0          0          0   (incl. Padding)

    ----------------------------------------------------------------------

      Code (inc. data)   RO Data    RW Data    ZI Data      Debug   Library Name

      1148         72          0          8          0       1016   mc_w.l

    ----------------------------------------------------------------------
      1150         72          0          8          0       1016   Library Totals

    ----------------------------------------------------------------------

==============================================================================


      Code (inc. data)   RO Data    RW Data    ZI Data      Debug   

     26836       2200       1604        220      12820     633301   Grand Totals
     26836       2200       1604        220      12820     633301   ELF Image Totals
     26836       2200       1604        220          0          0   ROM Totals

==============================================================================

    Total RO  Size (Code + RO Data)                28440 (  27.77kB)
    Total RW  Size (RW Data + ZI Data)             13040 (  12.73kB)
    Total ROM Size (Code + RO Data + RW Data)      28660 (  27.99kB)

==============================================================================

